../Drivers/CMSIS/Include/core_cm3.h:1876:26:ITM_SendChar	16	static,ignoring_inline_asm
../Core/Src/main.c:67:5:_write	32	static
../Core/Src/main.c:81:5:main	24	static
../Core/Src/main.c:145:6:SystemClock_Config	72	static
../Core/Src/main.c:184:13:MX_I2C1_Init	8	static
../Core/Src/main.c:218:13:MX_TIM1_Init	32	static
../Core/Src/main.c:264:13:MX_TIM2_Init	64	static
../Core/Src/main.c:325:13:MX_DMA_Init	16	static
../Core/Src/main.c:343:13:MX_GPIO_Init	32	static
../Core/Src/main.c:388:6:Error_Handler	4	static,ignoring_inline_asm
