../Core/Src/main.cpp:79:5:int main()	152	static
../Core/Src/main.cpp:190:6:void SystemClock_Config()	72	static
../Core/Src/main.cpp:229:13:void MX_I2C1_Init()	8	static
../Core/Src/main.cpp:263:13:void MX_TIM1_Init()	32	static
../Core/Src/main.cpp:309:13:void MX_TIM2_Init()	64	static
../Core/Src/main.cpp:372:13:void MX_USART1_UART_Init()	8	static
../Core/Src/main.cpp:403:13:void MX_DMA_Init()	16	static
../Core/Src/main.cpp:421:13:void MX_GPIO_Init()	32	static
../Core/Src/main.cpp:456:6:void Error_Handler()	4	static,ignoring_inline_asm
