../Core/Src/main.cpp:77:5:int main()	32	static
../Core/Src/main.cpp:127:6:void SystemClock_Config()	72	static
../Core/Src/main.cpp:166:13:void MX_I2C1_Init()	8	static
../Core/Src/main.cpp:200:13:void MX_TIM1_Init()	32	static
../Core/Src/main.cpp:246:13:void MX_TIM2_Init()	64	static
../Core/Src/main.cpp:309:13:void MX_USART1_UART_Init()	8	static
../Core/Src/main.cpp:340:13:void MX_DMA_Init()	16	static
../Core/Src/main.cpp:361:13:void MX_GPIO_Init()	32	static
../Core/Src/main.cpp:396:6:void Error_Handler()	4	static,ignoring_inline_asm
