../Core/Src/lib/usb.cpp:16:6:static void STM_USB::increment_read_index()	4	static
../Core/Src/lib/usb.cpp:23:6:static void STM_USB::consume_next()	8	static
../Core/Src/lib/usb.cpp:30:6:static void STM_USB::init(UART_HandleTypeDef*)	16	static
../Core/Src/lib/usb.cpp:36:6:static void STM_USB::print(float)	80	static
../Core/Src/lib/usb.cpp:43:6:static void STM_USB::print(double)	80	static
../Core/Src/lib/usb.cpp:50:6:static void STM_USB::print(uint8_t)	80	static
../Core/Src/lib/usb.cpp:57:6:static void STM_USB::print(uint16_t)	80	static
../Core/Src/lib/usb.cpp:64:6:static void STM_USB::print(uint32_t)	80	static
../Core/Src/lib/usb.cpp:71:6:static void STM_USB::print(char*)	24	static
../Core/Src/lib/usb.cpp:76:6:static void STM_USB::println(char*)	24	static
../Core/Src/lib/usb.cpp:84:6:static void STM_USB::readln(char*)	16	static
../Core/Src/lib/usb.cpp:89:6:static void STM_USB::readto(char*, char)	24	static
../Core/Src/lib/usb.cpp:115:6:static char STM_USB::read_next()	16	static
../Core/Src/lib/usb.cpp:122:6:static bool STM_USB::data_ready()	8	static
../Core/Src/lib/usb.cpp:127:10:static uint16_t STM_USB::get_buffer_size()	16	static
../Core/Src/lib/usb.cpp:140:10:static uint16_t STM_USB::get_max_buffer_size()	4	static
