00:34:09 **** Incremental Build of configuration Debug for project baro_test ****
make -j8 all 
arm-none-eabi-gcc "../Core/Src/lib/bmp581.c" -mcpu=cortex-m3 -std=gnu11 -g3 -DDEBUG -DUSE_HAL_DRIVER -DSTM32F103xB -c -I../Core/Inc -I../Drivers/STM32F1xx_HAL_Driver/Inc -I../Drivers/STM32F1xx_HAL_Driver/Inc/Legacy -I../Drivers/CMSIS/Device/ST/STM32F1xx/Include -I../Drivers/CMSIS/Include -O0 -ffunction-sections -fdata-sections -Wall -fstack-usage -fcyclomatic-complexity -MMD -MP -MF"Core/Src/lib/bmp581.d" -MT"Core/Src/lib/bmp581.o" --specs=nano.specs -mfloat-abi=soft -mthumb -o "Core/Src/lib/bmp581.o"
../Core/Src/lib/bmp581.c: In function 'BMP_Get_Device_Status':
../Core/Src/lib/bmp581.c:94:10: warning: unused variable 'chip_id' [-Wunused-variable]
   94 |  uint8_t chip_id = chipid_rx_dat[0];
      |          ^~~~~~~
../Core/Src/lib/bmp581.c: In function 'BMP_Get_Mode':
../Core/Src/lib/bmp581.c:158:1: warning: control reaches end of non-void function [-Wreturn-type]
  158 | }
      | ^
arm-none-eabi-gcc -o "baro_test.elf" @"objects.list"   -mcpu=cortex-m3 -T"C:\Users\kking\STM32CubeIDE\workspace_1.12.0\Altimeter\baro_test\STM32F103C8TX_FLASH.ld" --specs=nosys.specs -Wl,-Map="baro_test.map" -Wl,--gc-sections -static --specs=nano.specs -mfloat-abi=soft -mthumb -Wl,--start-group -lc -lm -Wl,--end-group
Finished building target: baro_test.elf
 
arm-none-eabi-size   baro_test.elf 
arm-none-eabi-objdump -h -S  baro_test.elf  > "baro_test.list"
   text	   data	    bss	    dec	    hex	filename
  25648	     20	   2268	  27936	   6d20	baro_test.elf
Finished building: default.size.stdout
 
Finished building: baro_test.list
 

00:34:11 Build Finished. 0 errors, 2 warnings. (took 1s.817ms)

