18:59:49 **** Clean-only build of configuration Debug for project led_test ****
make -j8 clean 
rm -rf ./Drivers/STM32F1xx_HAL_Driver/Src/stm32f1xx_hal.cyclo ./Drivers/STM32F1xx_HAL_Driver/Src/stm32f1xx_hal.d ./Drivers/STM32F1xx_HAL_Driver/Src/stm32f1xx_hal.o ./Drivers/STM32F1xx_HAL_Driver/Src/stm32f1xx_hal.su ./Drivers/STM32F1xx_HAL_Driver/Src/stm32f1xx_hal_cortex.cyclo ./Drivers/STM32F1xx_HAL_Driver/Src/stm32f1xx_hal_cortex.d ./Drivers/STM32F1xx_HAL_Driver/Src/stm32f1xx_hal_cortex.o ./Drivers/STM32F1xx_HAL_Driver/Src/stm32f1xx_hal_cortex.su ./Drivers/STM32F1xx_HAL_Driver/Src/stm32f1xx_hal_dma.cyclo ./Drivers/STM32F1xx_HAL_Driver/Src/stm32f1xx_hal_dma.d ./Drivers/STM32F1xx_HAL_Driver/Src/stm32f1xx_hal_dma.o ./Drivers/STM32F1xx_HAL_Driver/Src/stm32f1xx_hal_dma.su ./Drivers/STM32F1xx_HAL_Driver/Src/stm32f1xx_hal_exti.cyclo ./Drivers/STM32F1xx_HAL_Driver/Src/stm32f1xx_hal_exti.d ./Drivers/STM32F1xx_HAL_Driver/Src/stm32f1xx_hal_exti.o ./Drivers/STM32F1xx_HAL_Driver/Src/stm32f1xx_hal_exti.su ./Drivers/STM32F1xx_HAL_Driver/Src/stm32f1xx_hal_flash.cyclo ./Drivers/STM32F1xx_HAL_Driver/Src/stm32f1xx_hal_flash.d ./Drivers/STM32F1xx_HAL_Driver/Src/stm32f1xx_hal_flash.o ./Drivers/STM32F1xx_HAL_Driver/Src/stm32f1xx_hal_flash.su ./Drivers/STM32F1xx_HAL_Driver/Src/stm32f1xx_hal_flash_ex.cyclo ./Drivers/STM32F1xx_HAL_Driver/Src/stm32f1xx_hal_flash_ex.d ./Drivers/STM32F1xx_HAL_Driver/Src/stm32f1xx_hal_flash_ex.o ./Drivers/STM32F1xx_HAL_Driver/Src/stm32f1xx_hal_flash_ex.su ./Drivers/STM32F1xx_HAL_Driver/Src/stm32f1xx_hal_gpio.cyclo ./Drivers/STM32F1xx_HAL_Driver/Src/stm32f1xx_hal_gpio.d ./Drivers/STM32F1xx_HAL_Driver/Src/stm32f1xx_hal_gpio.o ./Drivers/STM32F1xx_HAL_Driver/Src/stm32f1xx_hal_gpio.su ./Drivers/STM32F1xx_HAL_Driver/Src/stm32f1xx_hal_gpio_ex.cyclo ./Drivers/STM32F1xx_HAL_Driver/Src/stm32f1xx_hal_gpio_ex.d ./Drivers/STM32F1xx_HAL_Driver/Src/stm32f1xx_hal_gpio_ex.o ./Drivers/STM32F1xx_HAL_Driver/Src/stm32f1xx_hal_gpio_ex.su ./Drivers/STM32F1xx_HAL_Driver/Src/stm32f1xx_hal_i2c.cyclo ./Drivers/STM32F1xx_HAL_Driver/Src/stm32f1xx_hal_i2c.d ./Drivers/STM32F1xx_HAL_Driver/Src/stm32f1xx_hal_i2c.o ./Drivers/STM32F1xx_HAL_Driver/Src/stm32f1xx_hal_i2c.su ./Drivers/STM32F1xx_HAL_Driver/Src/stm32f1xx_hal_pwr.cyclo ./Drivers/STM32F1xx_HAL_Driver/Src/stm32f1xx_hal_pwr.d ./Drivers/STM32F1xx_HAL_Driver/Src/stm32f1xx_hal_pwr.o ./Drivers/STM32F1xx_HAL_Driver/Src/stm32f1xx_hal_pwr.su ./Drivers/STM32F1xx_HAL_Driver/Src/stm32f1xx_hal_rcc.cyclo ./Drivers/STM32F1xx_HAL_Driver/Src/stm32f1xx_hal_rcc.d ./Drivers/STM32F1xx_HAL_Driver/Src/stm32f1xx_hal_rcc.o ./Drivers/STM32F1xx_HAL_Driver/Src/stm32f1xx_hal_rcc.su ./Drivers/STM32F1xx_HAL_Driver/Src/stm32f1xx_hal_rcc_ex.cyclo ./Drivers/STM32F1xx_HAL_Driver/Src/stm32f1xx_hal_rcc_ex.d ./Drivers/STM32F1xx_HAL_Driver/Src/stm32f1xx_hal_rcc_ex.o ./Drivers/STM32F1xx_HAL_Driver/Src/stm32f1xx_hal_rcc_ex.su ./Drivers/STM32F1xx_HAL_Driver/Src/stm32f1xx_hal_tim.cyclo ./Drivers/STM32F1xx_HAL_Driver/Src/stm32f1xx_hal_tim.d ./Drivers/STM32F1xx_HAL_Driver/Src/stm32f1xx_hal_tim.o ./Drivers/STM32F1xx_HAL_Driver/Src/stm32f1xx_hal_tim.su ./Drivers/STM32F1xx_HAL_Driver/Src/stm32f1xx_hal_tim_ex.cyclo ./Drivers/STM32F1xx_HAL_Driver/Src/stm32f1xx_hal_tim_ex.d ./Drivers/STM32F1xx_HAL_Driver/Src/stm32f1xx_hal_tim_ex.o ./Drivers/STM32F1xx_HAL_Driver/Src/stm32f1xx_hal_tim_ex.su
rm -rf ./Core/Startup/startup_stm32f103c8tx.d ./Core/Startup/startup_stm32f103c8tx.o
rm -rf ./Core/Src/lib/led_strip.cyclo ./Core/Src/lib/led_strip.d ./Core/Src/lib/led_strip.o ./Core/Src/lib/led_strip.su ./Core/Src/lib/ws2813b_controller.cyclo ./Core/Src/lib/ws2813b_controller.d ./Core/Src/lib/ws2813b_controller.o ./Core/Src/lib/ws2813b_controller.su
rm -rf ./Core/Src/main.cyclo ./Core/Src/main.d ./Core/Src/main.o ./Core/Src/main.su ./Core/Src/stm32f1xx_hal_msp.cyclo ./Core/Src/stm32f1xx_hal_msp.d ./Core/Src/stm32f1xx_hal_msp.o ./Core/Src/stm32f1xx_hal_msp.su ./Core/Src/stm32f1xx_it.cyclo ./Core/Src/stm32f1xx_it.d ./Core/Src/stm32f1xx_it.o ./Core/Src/stm32f1xx_it.su ./Core/Src/syscalls.cyclo ./Core/Src/syscalls.d ./Core/Src/syscalls.o ./Core/Src/syscalls.su ./Core/Src/sysmem.cyclo ./Core/Src/sysmem.d ./Core/Src/sysmem.o ./Core/Src/sysmem.su ./Core/Src/system_stm32f1xx.cyclo ./Core/Src/system_stm32f1xx.d ./Core/Src/system_stm32f1xx.o ./Core/Src/system_stm32f1xx.su
rm -rf default.size.stdout led_test.elf led_test.list led_test.map
 
18:59:52 **** Build of configuration Debug for project led_test ****
make -j8 all 
arm-none-eabi-gcc "../Drivers/STM32F1xx_HAL_Driver/Src/stm32f1xx_hal.c" -mcpu=cortex-m3 -std=gnu11 -g3 -DDEBUG -DUSE_HAL_DRIVER -DSTM32F103xB -c -I../Core/Inc -I../Drivers/STM32F1xx_HAL_Driver/Inc -I../Drivers/STM32F1xx_HAL_Driver/Inc/Legacy -I../Drivers/CMSIS/Device/ST/STM32F1xx/Include -I../Drivers/CMSIS/Include -O0 -ffunction-sections -fdata-sections -Wall -fstack-usage -fcyclomatic-complexity -MMD -MP -MF"Drivers/STM32F1xx_HAL_Driver/Src/stm32f1xx_hal.d" -MT"Drivers/STM32F1xx_HAL_Driver/Src/stm32f1xx_hal.o" --specs=nano.specs -mfloat-abi=soft -mthumb -o "Drivers/STM32F1xx_HAL_Driver/Src/stm32f1xx_hal.o"
arm-none-eabi-gcc "../Drivers/STM32F1xx_HAL_Driver/Src/stm32f1xx_hal_cortex.c" -mcpu=cortex-m3 -std=gnu11 -g3 -DDEBUG -DUSE_HAL_DRIVER -DSTM32F103xB -c -I../Core/Inc -I../Drivers/STM32F1xx_HAL_Driver/Inc -I../Drivers/STM32F1xx_HAL_Driver/Inc/Legacy -I../Drivers/CMSIS/Device/ST/STM32F1xx/Include -I../Drivers/CMSIS/Include -O0 -ffunction-sections -fdata-sections -Wall -fstack-usage -fcyclomatic-complexity -MMD -MP -MF"Drivers/STM32F1xx_HAL_Driver/Src/stm32f1xx_hal_cortex.d" -MT"Drivers/STM32F1xx_HAL_Driver/Src/stm32f1xx_hal_cortex.o" --specs=nano.specs -mfloat-abi=soft -mthumb -o "Drivers/STM32F1xx_HAL_Driver/Src/stm32f1xx_hal_cortex.o"
arm-none-eabi-gcc "../Drivers/STM32F1xx_HAL_Driver/Src/stm32f1xx_hal_dma.c" -mcpu=cortex-m3 -std=gnu11 -g3 -DDEBUG -DUSE_HAL_DRIVER -DSTM32F103xB -c -I../Core/Inc -I../Drivers/STM32F1xx_HAL_Driver/Inc -I../Drivers/STM32F1xx_HAL_Driver/Inc/Legacy -I../Drivers/CMSIS/Device/ST/STM32F1xx/Include -I../Drivers/CMSIS/Include -O0 -ffunction-sections -fdata-sections -Wall -fstack-usage -fcyclomatic-complexity -MMD -MP -MF"Drivers/STM32F1xx_HAL_Driver/Src/stm32f1xx_hal_dma.d" -MT"Drivers/STM32F1xx_HAL_Driver/Src/stm32f1xx_hal_dma.o" --specs=nano.specs -mfloat-abi=soft -mthumb -o "Drivers/STM32F1xx_HAL_Driver/Src/stm32f1xx_hal_dma.o"
arm-none-eabi-gcc "../Drivers/STM32F1xx_HAL_Driver/Src/stm32f1xx_hal_exti.c" -mcpu=cortex-m3 -std=gnu11 -g3 -DDEBUG -DUSE_HAL_DRIVER -DSTM32F103xB -c -I../Core/Inc -I../Drivers/STM32F1xx_HAL_Driver/Inc -I../Drivers/STM32F1xx_HAL_Driver/Inc/Legacy -I../Drivers/CMSIS/Device/ST/STM32F1xx/Include -I../Drivers/CMSIS/Include -O0 -ffunction-sections -fdata-sections -Wall -fstack-usage -fcyclomatic-complexity -MMD -MP -MF"Drivers/STM32F1xx_HAL_Driver/Src/stm32f1xx_hal_exti.d" -MT"Drivers/STM32F1xx_HAL_Driver/Src/stm32f1xx_hal_exti.o" --specs=nano.specs -mfloat-abi=soft -mthumb -o "Drivers/STM32F1xx_HAL_Driver/Src/stm32f1xx_hal_exti.o"
arm-none-eabi-gcc "../Drivers/STM32F1xx_HAL_Driver/Src/stm32f1xx_hal_flash.c" -mcpu=cortex-m3 -std=gnu11 -g3 -DDEBUG -DUSE_HAL_DRIVER -DSTM32F103xB -c -I../Core/Inc -I../Drivers/STM32F1xx_HAL_Driver/Inc -I../Drivers/STM32F1xx_HAL_Driver/Inc/Legacy -I../Drivers/CMSIS/Device/ST/STM32F1xx/Include -I../Drivers/CMSIS/Include -O0 -ffunction-sections -fdata-sections -Wall -fstack-usage -fcyclomatic-complexity -MMD -MP -MF"Drivers/STM32F1xx_HAL_Driver/Src/stm32f1xx_hal_flash.d" -MT"Drivers/STM32F1xx_HAL_Driver/Src/stm32f1xx_hal_flash.o" --specs=nano.specs -mfloat-abi=soft -mthumb -o "Drivers/STM32F1xx_HAL_Driver/Src/stm32f1xx_hal_flash.o"
arm-none-eabi-gcc "../Drivers/STM32F1xx_HAL_Driver/Src/stm32f1xx_hal_flash_ex.c" -mcpu=cortex-m3 -std=gnu11 -g3 -DDEBUG -DUSE_HAL_DRIVER -DSTM32F103xB -c -I../Core/Inc -I../Drivers/STM32F1xx_HAL_Driver/Inc -I../Drivers/STM32F1xx_HAL_Driver/Inc/Legacy -I../Drivers/CMSIS/Device/ST/STM32F1xx/Include -I../Drivers/CMSIS/Include -O0 -ffunction-sections -fdata-sections -Wall -fstack-usage -fcyclomatic-complexity -MMD -MP -MF"Drivers/STM32F1xx_HAL_Driver/Src/stm32f1xx_hal_flash_ex.d" -MT"Drivers/STM32F1xx_HAL_Driver/Src/stm32f1xx_hal_flash_ex.o" --specs=nano.specs -mfloat-abi=soft -mthumb -o "Drivers/STM32F1xx_HAL_Driver/Src/stm32f1xx_hal_flash_ex.o"
arm-none-eabi-gcc "../Drivers/STM32F1xx_HAL_Driver/Src/stm32f1xx_hal_gpio.c" -mcpu=cortex-m3 -std=gnu11 -g3 -DDEBUG -DUSE_HAL_DRIVER -DSTM32F103xB -c -I../Core/Inc -I../Drivers/STM32F1xx_HAL_Driver/Inc -I../Drivers/STM32F1xx_HAL_Driver/Inc/Legacy -I../Drivers/CMSIS/Device/ST/STM32F1xx/Include -I../Drivers/CMSIS/Include -O0 -ffunction-sections -fdata-sections -Wall -fstack-usage -fcyclomatic-complexity -MMD -MP -MF"Drivers/STM32F1xx_HAL_Driver/Src/stm32f1xx_hal_gpio.d" -MT"Drivers/STM32F1xx_HAL_Driver/Src/stm32f1xx_hal_gpio.o" --specs=nano.specs -mfloat-abi=soft -mthumb -o "Drivers/STM32F1xx_HAL_Driver/Src/stm32f1xx_hal_gpio.o"
arm-none-eabi-gcc "../Drivers/STM32F1xx_HAL_Driver/Src/stm32f1xx_hal_gpio_ex.c" -mcpu=cortex-m3 -std=gnu11 -g3 -DDEBUG -DUSE_HAL_DRIVER -DSTM32F103xB -c -I../Core/Inc -I../Drivers/STM32F1xx_HAL_Driver/Inc -I../Drivers/STM32F1xx_HAL_Driver/Inc/Legacy -I../Drivers/CMSIS/Device/ST/STM32F1xx/Include -I../Drivers/CMSIS/Include -O0 -ffunction-sections -fdata-sections -Wall -fstack-usage -fcyclomatic-complexity -MMD -MP -MF"Drivers/STM32F1xx_HAL_Driver/Src/stm32f1xx_hal_gpio_ex.d" -MT"Drivers/STM32F1xx_HAL_Driver/Src/stm32f1xx_hal_gpio_ex.o" --specs=nano.specs -mfloat-abi=soft -mthumb -o "Drivers/STM32F1xx_HAL_Driver/Src/stm32f1xx_hal_gpio_ex.o"
arm-none-eabi-gcc "../Drivers/STM32F1xx_HAL_Driver/Src/stm32f1xx_hal_i2c.c" -mcpu=cortex-m3 -std=gnu11 -g3 -DDEBUG -DUSE_HAL_DRIVER -DSTM32F103xB -c -I../Core/Inc -I../Drivers/STM32F1xx_HAL_Driver/Inc -I../Drivers/STM32F1xx_HAL_Driver/Inc/Legacy -I../Drivers/CMSIS/Device/ST/STM32F1xx/Include -I../Drivers/CMSIS/Include -O0 -ffunction-sections -fdata-sections -Wall -fstack-usage -fcyclomatic-complexity -MMD -MP -MF"Drivers/STM32F1xx_HAL_Driver/Src/stm32f1xx_hal_i2c.d" -MT"Drivers/STM32F1xx_HAL_Driver/Src/stm32f1xx_hal_i2c.o" --specs=nano.specs -mfloat-abi=soft -mthumb -o "Drivers/STM32F1xx_HAL_Driver/Src/stm32f1xx_hal_i2c.o"
arm-none-eabi-gcc "../Drivers/STM32F1xx_HAL_Driver/Src/stm32f1xx_hal_pwr.c" -mcpu=cortex-m3 -std=gnu11 -g3 -DDEBUG -DUSE_HAL_DRIVER -DSTM32F103xB -c -I../Core/Inc -I../Drivers/STM32F1xx_HAL_Driver/Inc -I../Drivers/STM32F1xx_HAL_Driver/Inc/Legacy -I../Drivers/CMSIS/Device/ST/STM32F1xx/Include -I../Drivers/CMSIS/Include -O0 -ffunction-sections -fdata-sections -Wall -fstack-usage -fcyclomatic-complexity -MMD -MP -MF"Drivers/STM32F1xx_HAL_Driver/Src/stm32f1xx_hal_pwr.d" -MT"Drivers/STM32F1xx_HAL_Driver/Src/stm32f1xx_hal_pwr.o" --specs=nano.specs -mfloat-abi=soft -mthumb -o "Drivers/STM32F1xx_HAL_Driver/Src/stm32f1xx_hal_pwr.o"
arm-none-eabi-gcc "../Drivers/STM32F1xx_HAL_Driver/Src/stm32f1xx_hal_rcc.c" -mcpu=cortex-m3 -std=gnu11 -g3 -DDEBUG -DUSE_HAL_DRIVER -DSTM32F103xB -c -I../Core/Inc -I../Drivers/STM32F1xx_HAL_Driver/Inc -I../Drivers/STM32F1xx_HAL_Driver/Inc/Legacy -I../Drivers/CMSIS/Device/ST/STM32F1xx/Include -I../Drivers/CMSIS/Include -O0 -ffunction-sections -fdata-sections -Wall -fstack-usage -fcyclomatic-complexity -MMD -MP -MF"Drivers/STM32F1xx_HAL_Driver/Src/stm32f1xx_hal_rcc.d" -MT"Drivers/STM32F1xx_HAL_Driver/Src/stm32f1xx_hal_rcc.o" --specs=nano.specs -mfloat-abi=soft -mthumb -o "Drivers/STM32F1xx_HAL_Driver/Src/stm32f1xx_hal_rcc.o"
arm-none-eabi-gcc "../Drivers/STM32F1xx_HAL_Driver/Src/stm32f1xx_hal_rcc_ex.c" -mcpu=cortex-m3 -std=gnu11 -g3 -DDEBUG -DUSE_HAL_DRIVER -DSTM32F103xB -c -I../Core/Inc -I../Drivers/STM32F1xx_HAL_Driver/Inc -I../Drivers/STM32F1xx_HAL_Driver/Inc/Legacy -I../Drivers/CMSIS/Device/ST/STM32F1xx/Include -I../Drivers/CMSIS/Include -O0 -ffunction-sections -fdata-sections -Wall -fstack-usage -fcyclomatic-complexity -MMD -MP -MF"Drivers/STM32F1xx_HAL_Driver/Src/stm32f1xx_hal_rcc_ex.d" -MT"Drivers/STM32F1xx_HAL_Driver/Src/stm32f1xx_hal_rcc_ex.o" --specs=nano.specs -mfloat-abi=soft -mthumb -o "Drivers/STM32F1xx_HAL_Driver/Src/stm32f1xx_hal_rcc_ex.o"
arm-none-eabi-gcc "../Drivers/STM32F1xx_HAL_Driver/Src/stm32f1xx_hal_tim.c" -mcpu=cortex-m3 -std=gnu11 -g3 -DDEBUG -DUSE_HAL_DRIVER -DSTM32F103xB -c -I../Core/Inc -I../Drivers/STM32F1xx_HAL_Driver/Inc -I../Drivers/STM32F1xx_HAL_Driver/Inc/Legacy -I../Drivers/CMSIS/Device/ST/STM32F1xx/Include -I../Drivers/CMSIS/Include -O0 -ffunction-sections -fdata-sections -Wall -fstack-usage -fcyclomatic-complexity -MMD -MP -MF"Drivers/STM32F1xx_HAL_Driver/Src/stm32f1xx_hal_tim.d" -MT"Drivers/STM32F1xx_HAL_Driver/Src/stm32f1xx_hal_tim.o" --specs=nano.specs -mfloat-abi=soft -mthumb -o "Drivers/STM32F1xx_HAL_Driver/Src/stm32f1xx_hal_tim.o"
arm-none-eabi-gcc "../Drivers/STM32F1xx_HAL_Driver/Src/stm32f1xx_hal_tim_ex.c" -mcpu=cortex-m3 -std=gnu11 -g3 -DDEBUG -DUSE_HAL_DRIVER -DSTM32F103xB -c -I../Core/Inc -I../Drivers/STM32F1xx_HAL_Driver/Inc -I../Drivers/STM32F1xx_HAL_Driver/Inc/Legacy -I../Drivers/CMSIS/Device/ST/STM32F1xx/Include -I../Drivers/CMSIS/Include -O0 -ffunction-sections -fdata-sections -Wall -fstack-usage -fcyclomatic-complexity -MMD -MP -MF"Drivers/STM32F1xx_HAL_Driver/Src/stm32f1xx_hal_tim_ex.d" -MT"Drivers/STM32F1xx_HAL_Driver/Src/stm32f1xx_hal_tim_ex.o" --specs=nano.specs -mfloat-abi=soft -mthumb -o "Drivers/STM32F1xx_HAL_Driver/Src/stm32f1xx_hal_tim_ex.o"
arm-none-eabi-gcc -mcpu=cortex-m3 -g3 -DDEBUG -c -x assembler-with-cpp -MMD -MP -MF"Core/Startup/startup_stm32f103c8tx.d" -MT"Core/Startup/startup_stm32f103c8tx.o" --specs=nano.specs -mfloat-abi=soft -mthumb -o "Core/Startup/startup_stm32f103c8tx.o" "../Core/Startup/startup_stm32f103c8tx.s"
arm-none-eabi-gcc "../Core/Src/lib/led_strip.c" -mcpu=cortex-m3 -std=gnu11 -g3 -DDEBUG -DUSE_HAL_DRIVER -DSTM32F103xB -c -I../Core/Inc -I../Drivers/STM32F1xx_HAL_Driver/Inc -I../Drivers/STM32F1xx_HAL_Driver/Inc/Legacy -I../Drivers/CMSIS/Device/ST/STM32F1xx/Include -I../Drivers/CMSIS/Include -O0 -ffunction-sections -fdata-sections -Wall -fstack-usage -fcyclomatic-complexity -MMD -MP -MF"Core/Src/lib/led_strip.d" -MT"Core/Src/lib/led_strip.o" --specs=nano.specs -mfloat-abi=soft -mthumb -o "Core/Src/lib/led_strip.o"
arm-none-eabi-gcc "../Core/Src/lib/ws2813b_controller.c" -mcpu=cortex-m3 -std=gnu11 -g3 -DDEBUG -DUSE_HAL_DRIVER -DSTM32F103xB -c -I../Core/Inc -I../Drivers/STM32F1xx_HAL_Driver/Inc -I../Drivers/STM32F1xx_HAL_Driver/Inc/Legacy -I../Drivers/CMSIS/Device/ST/STM32F1xx/Include -I../Drivers/CMSIS/Include -O0 -ffunction-sections -fdata-sections -Wall -fstack-usage -fcyclomatic-complexity -MMD -MP -MF"Core/Src/lib/ws2813b_controller.d" -MT"Core/Src/lib/ws2813b_controller.o" --specs=nano.specs -mfloat-abi=soft -mthumb -o "Core/Src/lib/ws2813b_controller.o"
arm-none-eabi-gcc "../Core/Src/main.c" -mcpu=cortex-m3 -std=gnu11 -g3 -DDEBUG -DUSE_HAL_DRIVER -DSTM32F103xB -c -I../Core/Inc -I../Drivers/STM32F1xx_HAL_Driver/Inc -I../Drivers/STM32F1xx_HAL_Driver/Inc/Legacy -I../Drivers/CMSIS/Device/ST/STM32F1xx/Include -I../Drivers/CMSIS/Include -O0 -ffunction-sections -fdata-sections -Wall -fstack-usage -fcyclomatic-complexity -MMD -MP -MF"Core/Src/main.d" -MT"Core/Src/main.o" --specs=nano.specs -mfloat-abi=soft -mthumb -o "Core/Src/main.o"
arm-none-eabi-gcc "../Core/Src/stm32f1xx_hal_msp.c" -mcpu=cortex-m3 -std=gnu11 -g3 -DDEBUG -DUSE_HAL_DRIVER -DSTM32F103xB -c -I../Core/Inc -I../Drivers/STM32F1xx_HAL_Driver/Inc -I../Drivers/STM32F1xx_HAL_Driver/Inc/Legacy -I../Drivers/CMSIS/Device/ST/STM32F1xx/Include -I../Drivers/CMSIS/Include -O0 -ffunction-sections -fdata-sections -Wall -fstack-usage -fcyclomatic-complexity -MMD -MP -MF"Core/Src/stm32f1xx_hal_msp.d" -MT"Core/Src/stm32f1xx_hal_msp.o" --specs=nano.specs -mfloat-abi=soft -mthumb -o "Core/Src/stm32f1xx_hal_msp.o"
arm-none-eabi-gcc "../Core/Src/stm32f1xx_it.c" -mcpu=cortex-m3 -std=gnu11 -g3 -DDEBUG -DUSE_HAL_DRIVER -DSTM32F103xB -c -I../Core/Inc -I../Drivers/STM32F1xx_HAL_Driver/Inc -I../Drivers/STM32F1xx_HAL_Driver/Inc/Legacy -I../Drivers/CMSIS/Device/ST/STM32F1xx/Include -I../Drivers/CMSIS/Include -O0 -ffunction-sections -fdata-sections -Wall -fstack-usage -fcyclomatic-complexity -MMD -MP -MF"Core/Src/stm32f1xx_it.d" -MT"Core/Src/stm32f1xx_it.o" --specs=nano.specs -mfloat-abi=soft -mthumb -o "Core/Src/stm32f1xx_it.o"
arm-none-eabi-gcc "../Core/Src/syscalls.c" -mcpu=cortex-m3 -std=gnu11 -g3 -DDEBUG -DUSE_HAL_DRIVER -DSTM32F103xB -c -I../Core/Inc -I../Drivers/STM32F1xx_HAL_Driver/Inc -I../Drivers/STM32F1xx_HAL_Driver/Inc/Legacy -I../Drivers/CMSIS/Device/ST/STM32F1xx/Include -I../Drivers/CMSIS/Include -O0 -ffunction-sections -fdata-sections -Wall -fstack-usage -fcyclomatic-complexity -MMD -MP -MF"Core/Src/syscalls.d" -MT"Core/Src/syscalls.o" --specs=nano.specs -mfloat-abi=soft -mthumb -o "Core/Src/syscalls.o"
arm-none-eabi-gcc "../Core/Src/sysmem.c" -mcpu=cortex-m3 -std=gnu11 -g3 -DDEBUG -DUSE_HAL_DRIVER -DSTM32F103xB -c -I../Core/Inc -I../Drivers/STM32F1xx_HAL_Driver/Inc -I../Drivers/STM32F1xx_HAL_Driver/Inc/Legacy -I../Drivers/CMSIS/Device/ST/STM32F1xx/Include -I../Drivers/CMSIS/Include -O0 -ffunction-sections -fdata-sections -Wall -fstack-usage -fcyclomatic-complexity -MMD -MP -MF"Core/Src/sysmem.d" -MT"Core/Src/sysmem.o" --specs=nano.specs -mfloat-abi=soft -mthumb -o "Core/Src/sysmem.o"
arm-none-eabi-gcc "../Core/Src/system_stm32f1xx.c" -mcpu=cortex-m3 -std=gnu11 -g3 -DDEBUG -DUSE_HAL_DRIVER -DSTM32F103xB -c -I../Core/Inc -I../Drivers/STM32F1xx_HAL_Driver/Inc -I../Drivers/STM32F1xx_HAL_Driver/Inc/Legacy -I../Drivers/CMSIS/Device/ST/STM32F1xx/Include -I../Drivers/CMSIS/Include -O0 -ffunction-sections -fdata-sections -Wall -fstack-usage -fcyclomatic-complexity -MMD -MP -MF"Core/Src/system_stm32f1xx.d" -MT"Core/Src/system_stm32f1xx.o" --specs=nano.specs -mfloat-abi=soft -mthumb -o "Core/Src/system_stm32f1xx.o"
arm-none-eabi-gcc -o "led_test.elf" @"objects.list"   -mcpu=cortex-m3 -T"C:\Users\kking\STM32CubeIDE\workspace_1.12.0\Altimeter\led_test\STM32F103C8TX_FLASH.ld" -Wl,-Map="led_test.map" -Wl,--gc-sections -static --specs=nano.specs -mfloat-abi=soft -mthumb -Wl,--start-group -lc -lm -Wl,--end-group
Finished building target: led_test.elf
 
arm-none-eabi-size   led_test.elf 
arm-none-eabi-objdump -h -S  led_test.elf  > "led_test.list"
   text	   data	    bss	    dec	    hex	filename
  20936	     20	   2180	  23136	   5a60	led_test.elf
Finished building: default.size.stdout
 
Finished building: led_test.list
 
19:00:25 **** Incremental Build of configuration Debug for project led_test ****
make -j8 all 
arm-none-eabi-gcc "../Core/Src/main.c" -mcpu=cortex-m3 -std=gnu11 -g3 -DDEBUG -DUSE_HAL_DRIVER -DSTM32F103xB -c -I../Core/Inc -I../Drivers/STM32F1xx_HAL_Driver/Inc -I../Drivers/STM32F1xx_HAL_Driver/Inc/Legacy -I../Drivers/CMSIS/Device/ST/STM32F1xx/Include -I../Drivers/CMSIS/Include -O0 -ffunction-sections -fdata-sections -Wall -fstack-usage -fcyclomatic-complexity -MMD -MP -MF"Core/Src/main.d" -MT"Core/Src/main.o" --specs=nano.specs -mfloat-abi=soft -mthumb -o "Core/Src/main.o"
arm-none-eabi-gcc -o "led_test.elf" @"objects.list"   -mcpu=cortex-m3 -T"C:\Users\kking\STM32CubeIDE\workspace_1.12.0\Altimeter\led_test\STM32F103C8TX_FLASH.ld" -Wl,-Map="led_test.map" -Wl,--gc-sections -static --specs=nano.specs -mfloat-abi=soft -mthumb -Wl,--start-group -lc -lm -Wl,--end-group
Finished building target: led_test.elf
 
arm-none-eabi-size   led_test.elf 
arm-none-eabi-objdump -h -S  led_test.elf  > "led_test.list"
   text	   data	    bss	    dec	    hex	filename
  20936	     20	   2180	  23136	   5a60	led_test.elf
Finished building: default.size.stdout
 
Finished building: led_test.list
 
19:00:37 **** Incremental Build of configuration Debug for project led_test ****
make -j8 all 
arm-none-eabi-gcc "../Core/Src/main.c" -mcpu=cortex-m3 -std=gnu11 -g3 -DDEBUG -DUSE_HAL_DRIVER -DSTM32F103xB -c -I../Core/Inc -I../Drivers/STM32F1xx_HAL_Driver/Inc -I../Drivers/STM32F1xx_HAL_Driver/Inc/Legacy -I../Drivers/CMSIS/Device/ST/STM32F1xx/Include -I../Drivers/CMSIS/Include -O0 -ffunction-sections -fdata-sections -Wall -fstack-usage -fcyclomatic-complexity -MMD -MP -MF"Core/Src/main.d" -MT"Core/Src/main.o" --specs=nano.specs -mfloat-abi=soft -mthumb -o "Core/Src/main.o"
arm-none-eabi-gcc -o "led_test.elf" @"objects.list"   -mcpu=cortex-m3 -T"C:\Users\kking\STM32CubeIDE\workspace_1.12.0\Altimeter\led_test\STM32F103C8TX_FLASH.ld" -Wl,-Map="led_test.map" -Wl,--gc-sections -static --specs=nano.specs -mfloat-abi=soft -mthumb -Wl,--start-group -lc -lm -Wl,--end-group
Finished building target: led_test.elf
 
arm-none-eabi-size   led_test.elf 
arm-none-eabi-objdump -h -S  led_test.elf  > "led_test.list"
   text	   data	    bss	    dec	    hex	filename
  20936	     20	   2180	  23136	   5a60	led_test.elf
Finished building: default.size.stdout
 
Finished building: led_test.list
 
19:00:47 **** Incremental Build of configuration Debug for project led_test ****
make -j8 all 
arm-none-eabi-gcc "../Core/Src/main.c" -mcpu=cortex-m3 -std=gnu11 -g3 -DDEBUG -DUSE_HAL_DRIVER -DSTM32F103xB -c -I../Core/Inc -I../Drivers/STM32F1xx_HAL_Driver/Inc -I../Drivers/STM32F1xx_HAL_Driver/Inc/Legacy -I../Drivers/CMSIS/Device/ST/STM32F1xx/Include -I../Drivers/CMSIS/Include -O0 -ffunction-sections -fdata-sections -Wall -fstack-usage -fcyclomatic-complexity -MMD -MP -MF"Core/Src/main.d" -MT"Core/Src/main.o" --specs=nano.specs -mfloat-abi=soft -mthumb -o "Core/Src/main.o"
arm-none-eabi-gcc -o "led_test.elf" @"objects.list"   -mcpu=cortex-m3 -T"C:\Users\kking\STM32CubeIDE\workspace_1.12.0\Altimeter\led_test\STM32F103C8TX_FLASH.ld" -Wl,-Map="led_test.map" -Wl,--gc-sections -static --specs=nano.specs -mfloat-abi=soft -mthumb -Wl,--start-group -lc -lm -Wl,--end-group
Finished building target: led_test.elf
 
arm-none-eabi-size   led_test.elf 
arm-none-eabi-objdump -h -S  led_test.elf  > "led_test.list"
   text	   data	    bss	    dec	    hex	filename
  20936	     20	   2180	  23136	   5a60	led_test.elf
Finished building: default.size.stdout
 
Finished building: led_test.list
 
19:01:32 **** Incremental Build of configuration Debug for project led_test ****
make -j8 all 
arm-none-eabi-gcc "../Core/Src/main.c" -mcpu=cortex-m3 -std=gnu11 -g3 -DDEBUG -DUSE_HAL_DRIVER -DSTM32F103xB -c -I../Core/Inc -I../Drivers/STM32F1xx_HAL_Driver/Inc -I../Drivers/STM32F1xx_HAL_Driver/Inc/Legacy -I../Drivers/CMSIS/Device/ST/STM32F1xx/Include -I../Drivers/CMSIS/Include -O0 -ffunction-sections -fdata-sections -Wall -fstack-usage -fcyclomatic-complexity -MMD -MP -MF"Core/Src/main.d" -MT"Core/Src/main.o" --specs=nano.specs -mfloat-abi=soft -mthumb -o "Core/Src/main.o"
arm-none-eabi-gcc -o "led_test.elf" @"objects.list"   -mcpu=cortex-m3 -T"C:\Users\kking\STM32CubeIDE\workspace_1.12.0\Altimeter\led_test\STM32F103C8TX_FLASH.ld" -Wl,-Map="led_test.map" -Wl,--gc-sections -static --specs=nano.specs -mfloat-abi=soft -mthumb -Wl,--start-group -lc -lm -Wl,--end-group
Finished building target: led_test.elf
 
arm-none-eabi-size   led_test.elf 
arm-none-eabi-objdump -h -S  led_test.elf  > "led_test.list"
   text	   data	    bss	    dec	    hex	filename
  20936	     20	   2180	  23136	   5a60	led_test.elf
Finished building: default.size.stdout
 
Finished building: led_test.list
 
10:33:58 **** Clean-only build of configuration Debug for project baro_test ****
make -j8 clean 
rm -rf ./Drivers/STM32F1xx_HAL_Driver/Src/stm32f1xx_hal.cyclo ./Drivers/STM32F1xx_HAL_Driver/Src/stm32f1xx_hal.d ./Drivers/STM32F1xx_HAL_Driver/Src/stm32f1xx_hal.o ./Drivers/STM32F1xx_HAL_Driver/Src/stm32f1xx_hal.su ./Drivers/STM32F1xx_HAL_Driver/Src/stm32f1xx_hal_cortex.cyclo ./Drivers/STM32F1xx_HAL_Driver/Src/stm32f1xx_hal_cortex.d ./Drivers/STM32F1xx_HAL_Driver/Src/stm32f1xx_hal_cortex.o ./Drivers/STM32F1xx_HAL_Driver/Src/stm32f1xx_hal_cortex.su ./Drivers/STM32F1xx_HAL_Driver/Src/stm32f1xx_hal_dma.cyclo ./Drivers/STM32F1xx_HAL_Driver/Src/stm32f1xx_hal_dma.d ./Drivers/STM32F1xx_HAL_Driver/Src/stm32f1xx_hal_dma.o ./Drivers/STM32F1xx_HAL_Driver/Src/stm32f1xx_hal_dma.su ./Drivers/STM32F1xx_HAL_Driver/Src/stm32f1xx_hal_exti.cyclo ./Drivers/STM32F1xx_HAL_Driver/Src/stm32f1xx_hal_exti.d ./Drivers/STM32F1xx_HAL_Driver/Src/stm32f1xx_hal_exti.o ./Drivers/STM32F1xx_HAL_Driver/Src/stm32f1xx_hal_exti.su ./Drivers/STM32F1xx_HAL_Driver/Src/stm32f1xx_hal_flash.cyclo ./Drivers/STM32F1xx_HAL_Driver/Src/stm32f1xx_hal_flash.d ./Drivers/STM32F1xx_HAL_Driver/Src/stm32f1xx_hal_flash.o ./Drivers/STM32F1xx_HAL_Driver/Src/stm32f1xx_hal_flash.su ./Drivers/STM32F1xx_HAL_Driver/Src/stm32f1xx_hal_flash_ex.cyclo ./Drivers/STM32F1xx_HAL_Driver/Src/stm32f1xx_hal_flash_ex.d ./Drivers/STM32F1xx_HAL_Driver/Src/stm32f1xx_hal_flash_ex.o ./Drivers/STM32F1xx_HAL_Driver/Src/stm32f1xx_hal_flash_ex.su ./Drivers/STM32F1xx_HAL_Driver/Src/stm32f1xx_hal_gpio.cyclo ./Drivers/STM32F1xx_HAL_Driver/Src/stm32f1xx_hal_gpio.d ./Drivers/STM32F1xx_HAL_Driver/Src/stm32f1xx_hal_gpio.o ./Drivers/STM32F1xx_HAL_Driver/Src/stm32f1xx_hal_gpio.su ./Drivers/STM32F1xx_HAL_Driver/Src/stm32f1xx_hal_gpio_ex.cyclo ./Drivers/STM32F1xx_HAL_Driver/Src/stm32f1xx_hal_gpio_ex.d ./Drivers/STM32F1xx_HAL_Driver/Src/stm32f1xx_hal_gpio_ex.o ./Drivers/STM32F1xx_HAL_Driver/Src/stm32f1xx_hal_gpio_ex.su ./Drivers/STM32F1xx_HAL_Driver/Src/stm32f1xx_hal_i2c.cyclo ./Drivers/STM32F1xx_HAL_Driver/Src/stm32f1xx_hal_i2c.d ./Drivers/STM32F1xx_HAL_Driver/Src/stm32f1xx_hal_i2c.o ./Drivers/STM32F1xx_HAL_Driver/Src/stm32f1xx_hal_i2c.su ./Drivers/STM32F1xx_HAL_Driver/Src/stm32f1xx_hal_pwr.cyclo ./Drivers/STM32F1xx_HAL_Driver/Src/stm32f1xx_hal_pwr.d ./Drivers/STM32F1xx_HAL_Driver/Src/stm32f1xx_hal_pwr.o ./Drivers/STM32F1xx_HAL_Driver/Src/stm32f1xx_hal_pwr.su ./Drivers/STM32F1xx_HAL_Driver/Src/stm32f1xx_hal_rcc.cyclo ./Drivers/STM32F1xx_HAL_Driver/Src/stm32f1xx_hal_rcc.d ./Drivers/STM32F1xx_HAL_Driver/Src/stm32f1xx_hal_rcc.o ./Drivers/STM32F1xx_HAL_Driver/Src/stm32f1xx_hal_rcc.su ./Drivers/STM32F1xx_HAL_Driver/Src/stm32f1xx_hal_rcc_ex.cyclo ./Drivers/STM32F1xx_HAL_Driver/Src/stm32f1xx_hal_rcc_ex.d ./Drivers/STM32F1xx_HAL_Driver/Src/stm32f1xx_hal_rcc_ex.o ./Drivers/STM32F1xx_HAL_Driver/Src/stm32f1xx_hal_rcc_ex.su ./Drivers/STM32F1xx_HAL_Driver/Src/stm32f1xx_hal_tim.cyclo ./Drivers/STM32F1xx_HAL_Driver/Src/stm32f1xx_hal_tim.d ./Drivers/STM32F1xx_HAL_Driver/Src/stm32f1xx_hal_tim.o ./Drivers/STM32F1xx_HAL_Driver/Src/stm32f1xx_hal_tim.su ./Drivers/STM32F1xx_HAL_Driver/Src/stm32f1xx_hal_tim_ex.cyclo ./Drivers/STM32F1xx_HAL_Driver/Src/stm32f1xx_hal_tim_ex.d ./Drivers/STM32F1xx_HAL_Driver/Src/stm32f1xx_hal_tim_ex.o ./Drivers/STM32F1xx_HAL_Driver/Src/stm32f1xx_hal_tim_ex.su
rm -rf ./Core/Startup/startup_stm32f103c8tx.d ./Core/Startup/startup_stm32f103c8tx.o
rm -rf ./Core/Src/lib/bmp581.cyclo ./Core/Src/lib/bmp581.d ./Core/Src/lib/bmp581.o ./Core/Src/lib/bmp581.su
rm -rf ./Core/Src/main.cyclo ./Core/Src/main.d ./Core/Src/main.o ./Core/Src/main.su ./Core/Src/stm32f1xx_hal_msp.cyclo ./Core/Src/stm32f1xx_hal_msp.d ./Core/Src/stm32f1xx_hal_msp.o ./Core/Src/stm32f1xx_hal_msp.su ./Core/Src/stm32f1xx_it.cyclo ./Core/Src/stm32f1xx_it.d ./Core/Src/stm32f1xx_it.o ./Core/Src/stm32f1xx_it.su ./Core/Src/syscalls.cyclo ./Core/Src/syscalls.d ./Core/Src/syscalls.o ./Core/Src/syscalls.su ./Core/Src/sysmem.cyclo ./Core/Src/sysmem.d ./Core/Src/sysmem.o ./Core/Src/sysmem.su ./Core/Src/system_stm32f1xx.cyclo ./Core/Src/system_stm32f1xx.d ./Core/Src/system_stm32f1xx.o ./Core/Src/system_stm32f1xx.su
rm -rf baro_test.elf baro_test.list baro_test.map default.size.stdout
 
10:34:00 **** Build of configuration Debug for project baro_test ****
make -j8 all 
arm-none-eabi-gcc "../Drivers/STM32F1xx_HAL_Driver/Src/stm32f1xx_hal.c" -mcpu=cortex-m3 -std=gnu11 -g3 -DDEBUG -DUSE_HAL_DRIVER -DSTM32F103xB -c -I../Core/Inc -I../Drivers/STM32F1xx_HAL_Driver/Inc -I../Drivers/STM32F1xx_HAL_Driver/Inc/Legacy -I../Drivers/CMSIS/Device/ST/STM32F1xx/Include -I../Drivers/CMSIS/Include -O0 -ffunction-sections -fdata-sections -Wall -fstack-usage -fcyclomatic-complexity -MMD -MP -MF"Drivers/STM32F1xx_HAL_Driver/Src/stm32f1xx_hal.d" -MT"Drivers/STM32F1xx_HAL_Driver/Src/stm32f1xx_hal.o" --specs=nano.specs -mfloat-abi=soft -mthumb -o "Drivers/STM32F1xx_HAL_Driver/Src/stm32f1xx_hal.o"
arm-none-eabi-gcc "../Drivers/STM32F1xx_HAL_Driver/Src/stm32f1xx_hal_cortex.c" -mcpu=cortex-m3 -std=gnu11 -g3 -DDEBUG -DUSE_HAL_DRIVER -DSTM32F103xB -c -I../Core/Inc -I../Drivers/STM32F1xx_HAL_Driver/Inc -I../Drivers/STM32F1xx_HAL_Driver/Inc/Legacy -I../Drivers/CMSIS/Device/ST/STM32F1xx/Include -I../Drivers/CMSIS/Include -O0 -ffunction-sections -fdata-sections -Wall -fstack-usage -fcyclomatic-complexity -MMD -MP -MF"Drivers/STM32F1xx_HAL_Driver/Src/stm32f1xx_hal_cortex.d" -MT"Drivers/STM32F1xx_HAL_Driver/Src/stm32f1xx_hal_cortex.o" --specs=nano.specs -mfloat-abi=soft -mthumb -o "Drivers/STM32F1xx_HAL_Driver/Src/stm32f1xx_hal_cortex.o"
arm-none-eabi-gcc "../Drivers/STM32F1xx_HAL_Driver/Src/stm32f1xx_hal_dma.c" -mcpu=cortex-m3 -std=gnu11 -g3 -DDEBUG -DUSE_HAL_DRIVER -DSTM32F103xB -c -I../Core/Inc -I../Drivers/STM32F1xx_HAL_Driver/Inc -I../Drivers/STM32F1xx_HAL_Driver/Inc/Legacy -I../Drivers/CMSIS/Device/ST/STM32F1xx/Include -I../Drivers/CMSIS/Include -O0 -ffunction-sections -fdata-sections -Wall -fstack-usage -fcyclomatic-complexity -MMD -MP -MF"Drivers/STM32F1xx_HAL_Driver/Src/stm32f1xx_hal_dma.d" -MT"Drivers/STM32F1xx_HAL_Driver/Src/stm32f1xx_hal_dma.o" --specs=nano.specs -mfloat-abi=soft -mthumb -o "Drivers/STM32F1xx_HAL_Driver/Src/stm32f1xx_hal_dma.o"
arm-none-eabi-gcc "../Drivers/STM32F1xx_HAL_Driver/Src/stm32f1xx_hal_exti.c" -mcpu=cortex-m3 -std=gnu11 -g3 -DDEBUG -DUSE_HAL_DRIVER -DSTM32F103xB -c -I../Core/Inc -I../Drivers/STM32F1xx_HAL_Driver/Inc -I../Drivers/STM32F1xx_HAL_Driver/Inc/Legacy -I../Drivers/CMSIS/Device/ST/STM32F1xx/Include -I../Drivers/CMSIS/Include -O0 -ffunction-sections -fdata-sections -Wall -fstack-usage -fcyclomatic-complexity -MMD -MP -MF"Drivers/STM32F1xx_HAL_Driver/Src/stm32f1xx_hal_exti.d" -MT"Drivers/STM32F1xx_HAL_Driver/Src/stm32f1xx_hal_exti.o" --specs=nano.specs -mfloat-abi=soft -mthumb -o "Drivers/STM32F1xx_HAL_Driver/Src/stm32f1xx_hal_exti.o"
arm-none-eabi-gcc "../Drivers/STM32F1xx_HAL_Driver/Src/stm32f1xx_hal_flash.c" -mcpu=cortex-m3 -std=gnu11 -g3 -DDEBUG -DUSE_HAL_DRIVER -DSTM32F103xB -c -I../Core/Inc -I../Drivers/STM32F1xx_HAL_Driver/Inc -I../Drivers/STM32F1xx_HAL_Driver/Inc/Legacy -I../Drivers/CMSIS/Device/ST/STM32F1xx/Include -I../Drivers/CMSIS/Include -O0 -ffunction-sections -fdata-sections -Wall -fstack-usage -fcyclomatic-complexity -MMD -MP -MF"Drivers/STM32F1xx_HAL_Driver/Src/stm32f1xx_hal_flash.d" -MT"Drivers/STM32F1xx_HAL_Driver/Src/stm32f1xx_hal_flash.o" --specs=nano.specs -mfloat-abi=soft -mthumb -o "Drivers/STM32F1xx_HAL_Driver/Src/stm32f1xx_hal_flash.o"
arm-none-eabi-gcc "../Drivers/STM32F1xx_HAL_Driver/Src/stm32f1xx_hal_flash_ex.c" -mcpu=cortex-m3 -std=gnu11 -g3 -DDEBUG -DUSE_HAL_DRIVER -DSTM32F103xB -c -I../Core/Inc -I../Drivers/STM32F1xx_HAL_Driver/Inc -I../Drivers/STM32F1xx_HAL_Driver/Inc/Legacy -I../Drivers/CMSIS/Device/ST/STM32F1xx/Include -I../Drivers/CMSIS/Include -O0 -ffunction-sections -fdata-sections -Wall -fstack-usage -fcyclomatic-complexity -MMD -MP -MF"Drivers/STM32F1xx_HAL_Driver/Src/stm32f1xx_hal_flash_ex.d" -MT"Drivers/STM32F1xx_HAL_Driver/Src/stm32f1xx_hal_flash_ex.o" --specs=nano.specs -mfloat-abi=soft -mthumb -o "Drivers/STM32F1xx_HAL_Driver/Src/stm32f1xx_hal_flash_ex.o"
arm-none-eabi-gcc "../Drivers/STM32F1xx_HAL_Driver/Src/stm32f1xx_hal_gpio.c" -mcpu=cortex-m3 -std=gnu11 -g3 -DDEBUG -DUSE_HAL_DRIVER -DSTM32F103xB -c -I../Core/Inc -I../Drivers/STM32F1xx_HAL_Driver/Inc -I../Drivers/STM32F1xx_HAL_Driver/Inc/Legacy -I../Drivers/CMSIS/Device/ST/STM32F1xx/Include -I../Drivers/CMSIS/Include -O0 -ffunction-sections -fdata-sections -Wall -fstack-usage -fcyclomatic-complexity -MMD -MP -MF"Drivers/STM32F1xx_HAL_Driver/Src/stm32f1xx_hal_gpio.d" -MT"Drivers/STM32F1xx_HAL_Driver/Src/stm32f1xx_hal_gpio.o" --specs=nano.specs -mfloat-abi=soft -mthumb -o "Drivers/STM32F1xx_HAL_Driver/Src/stm32f1xx_hal_gpio.o"
arm-none-eabi-gcc "../Drivers/STM32F1xx_HAL_Driver/Src/stm32f1xx_hal_gpio_ex.c" -mcpu=cortex-m3 -std=gnu11 -g3 -DDEBUG -DUSE_HAL_DRIVER -DSTM32F103xB -c -I../Core/Inc -I../Drivers/STM32F1xx_HAL_Driver/Inc -I../Drivers/STM32F1xx_HAL_Driver/Inc/Legacy -I../Drivers/CMSIS/Device/ST/STM32F1xx/Include -I../Drivers/CMSIS/Include -O0 -ffunction-sections -fdata-sections -Wall -fstack-usage -fcyclomatic-complexity -MMD -MP -MF"Drivers/STM32F1xx_HAL_Driver/Src/stm32f1xx_hal_gpio_ex.d" -MT"Drivers/STM32F1xx_HAL_Driver/Src/stm32f1xx_hal_gpio_ex.o" --specs=nano.specs -mfloat-abi=soft -mthumb -o "Drivers/STM32F1xx_HAL_Driver/Src/stm32f1xx_hal_gpio_ex.o"
arm-none-eabi-gcc "../Drivers/STM32F1xx_HAL_Driver/Src/stm32f1xx_hal_i2c.c" -mcpu=cortex-m3 -std=gnu11 -g3 -DDEBUG -DUSE_HAL_DRIVER -DSTM32F103xB -c -I../Core/Inc -I../Drivers/STM32F1xx_HAL_Driver/Inc -I../Drivers/STM32F1xx_HAL_Driver/Inc/Legacy -I../Drivers/CMSIS/Device/ST/STM32F1xx/Include -I../Drivers/CMSIS/Include -O0 -ffunction-sections -fdata-sections -Wall -fstack-usage -fcyclomatic-complexity -MMD -MP -MF"Drivers/STM32F1xx_HAL_Driver/Src/stm32f1xx_hal_i2c.d" -MT"Drivers/STM32F1xx_HAL_Driver/Src/stm32f1xx_hal_i2c.o" --specs=nano.specs -mfloat-abi=soft -mthumb -o "Drivers/STM32F1xx_HAL_Driver/Src/stm32f1xx_hal_i2c.o"
arm-none-eabi-gcc "../Drivers/STM32F1xx_HAL_Driver/Src/stm32f1xx_hal_pwr.c" -mcpu=cortex-m3 -std=gnu11 -g3 -DDEBUG -DUSE_HAL_DRIVER -DSTM32F103xB -c -I../Core/Inc -I../Drivers/STM32F1xx_HAL_Driver/Inc -I../Drivers/STM32F1xx_HAL_Driver/Inc/Legacy -I../Drivers/CMSIS/Device/ST/STM32F1xx/Include -I../Drivers/CMSIS/Include -O0 -ffunction-sections -fdata-sections -Wall -fstack-usage -fcyclomatic-complexity -MMD -MP -MF"Drivers/STM32F1xx_HAL_Driver/Src/stm32f1xx_hal_pwr.d" -MT"Drivers/STM32F1xx_HAL_Driver/Src/stm32f1xx_hal_pwr.o" --specs=nano.specs -mfloat-abi=soft -mthumb -o "Drivers/STM32F1xx_HAL_Driver/Src/stm32f1xx_hal_pwr.o"
arm-none-eabi-gcc "../Drivers/STM32F1xx_HAL_Driver/Src/stm32f1xx_hal_rcc.c" -mcpu=cortex-m3 -std=gnu11 -g3 -DDEBUG -DUSE_HAL_DRIVER -DSTM32F103xB -c -I../Core/Inc -I../Drivers/STM32F1xx_HAL_Driver/Inc -I../Drivers/STM32F1xx_HAL_Driver/Inc/Legacy -I../Drivers/CMSIS/Device/ST/STM32F1xx/Include -I../Drivers/CMSIS/Include -O0 -ffunction-sections -fdata-sections -Wall -fstack-usage -fcyclomatic-complexity -MMD -MP -MF"Drivers/STM32F1xx_HAL_Driver/Src/stm32f1xx_hal_rcc.d" -MT"Drivers/STM32F1xx_HAL_Driver/Src/stm32f1xx_hal_rcc.o" --specs=nano.specs -mfloat-abi=soft -mthumb -o "Drivers/STM32F1xx_HAL_Driver/Src/stm32f1xx_hal_rcc.o"
arm-none-eabi-gcc "../Drivers/STM32F1xx_HAL_Driver/Src/stm32f1xx_hal_rcc_ex.c" -mcpu=cortex-m3 -std=gnu11 -g3 -DDEBUG -DUSE_HAL_DRIVER -DSTM32F103xB -c -I../Core/Inc -I../Drivers/STM32F1xx_HAL_Driver/Inc -I../Drivers/STM32F1xx_HAL_Driver/Inc/Legacy -I../Drivers/CMSIS/Device/ST/STM32F1xx/Include -I../Drivers/CMSIS/Include -O0 -ffunction-sections -fdata-sections -Wall -fstack-usage -fcyclomatic-complexity -MMD -MP -MF"Drivers/STM32F1xx_HAL_Driver/Src/stm32f1xx_hal_rcc_ex.d" -MT"Drivers/STM32F1xx_HAL_Driver/Src/stm32f1xx_hal_rcc_ex.o" --specs=nano.specs -mfloat-abi=soft -mthumb -o "Drivers/STM32F1xx_HAL_Driver/Src/stm32f1xx_hal_rcc_ex.o"
arm-none-eabi-gcc "../Drivers/STM32F1xx_HAL_Driver/Src/stm32f1xx_hal_tim.c" -mcpu=cortex-m3 -std=gnu11 -g3 -DDEBUG -DUSE_HAL_DRIVER -DSTM32F103xB -c -I../Core/Inc -I../Drivers/STM32F1xx_HAL_Driver/Inc -I../Drivers/STM32F1xx_HAL_Driver/Inc/Legacy -I../Drivers/CMSIS/Device/ST/STM32F1xx/Include -I../Drivers/CMSIS/Include -O0 -ffunction-sections -fdata-sections -Wall -fstack-usage -fcyclomatic-complexity -MMD -MP -MF"Drivers/STM32F1xx_HAL_Driver/Src/stm32f1xx_hal_tim.d" -MT"Drivers/STM32F1xx_HAL_Driver/Src/stm32f1xx_hal_tim.o" --specs=nano.specs -mfloat-abi=soft -mthumb -o "Drivers/STM32F1xx_HAL_Driver/Src/stm32f1xx_hal_tim.o"
arm-none-eabi-gcc "../Drivers/STM32F1xx_HAL_Driver/Src/stm32f1xx_hal_tim_ex.c" -mcpu=cortex-m3 -std=gnu11 -g3 -DDEBUG -DUSE_HAL_DRIVER -DSTM32F103xB -c -I../Core/Inc -I../Drivers/STM32F1xx_HAL_Driver/Inc -I../Drivers/STM32F1xx_HAL_Driver/Inc/Legacy -I../Drivers/CMSIS/Device/ST/STM32F1xx/Include -I../Drivers/CMSIS/Include -O0 -ffunction-sections -fdata-sections -Wall -fstack-usage -fcyclomatic-complexity -MMD -MP -MF"Drivers/STM32F1xx_HAL_Driver/Src/stm32f1xx_hal_tim_ex.d" -MT"Drivers/STM32F1xx_HAL_Driver/Src/stm32f1xx_hal_tim_ex.o" --specs=nano.specs -mfloat-abi=soft -mthumb -o "Drivers/STM32F1xx_HAL_Driver/Src/stm32f1xx_hal_tim_ex.o"
arm-none-eabi-gcc -mcpu=cortex-m3 -g3 -DDEBUG -c -x assembler-with-cpp -MMD -MP -MF"Core/Startup/startup_stm32f103c8tx.d" -MT"Core/Startup/startup_stm32f103c8tx.o" --specs=nano.specs -mfloat-abi=soft -mthumb -o "Core/Startup/startup_stm32f103c8tx.o" "../Core/Startup/startup_stm32f103c8tx.s"
arm-none-eabi-gcc "../Core/Src/lib/bmp581.c" -mcpu=cortex-m3 -std=gnu11 -g3 -DDEBUG -DUSE_HAL_DRIVER -DSTM32F103xB -c -I../Core/Inc -I../Drivers/STM32F1xx_HAL_Driver/Inc -I../Drivers/STM32F1xx_HAL_Driver/Inc/Legacy -I../Drivers/CMSIS/Device/ST/STM32F1xx/Include -I../Drivers/CMSIS/Include -O0 -ffunction-sections -fdata-sections -Wall -fstack-usage -fcyclomatic-complexity -MMD -MP -MF"Core/Src/lib/bmp581.d" -MT"Core/Src/lib/bmp581.o" --specs=nano.specs -mfloat-abi=soft -mthumb -o "Core/Src/lib/bmp581.o"
../Core/Src/lib/bmp581.c: In function 'BMP_Read_Temperature':
../Core/Src/lib/bmp581.c:47:21: warning: unused variable 'res' [-Wunused-variable]
   47 |   HAL_StatusTypeDef res = HAL_I2C_Mem_Write(bmpConfig.i2c_config, (uint16_t)(bmpConfig.address<<1), 0xF4, 1, (uint8_t[]){0x2E}, 1, 5);
      |                     ^~~
In file included from ../Core/Src/lib/bmp581.c:7:
../Core/Inc/bmp581.h:15:26: warning: passing argument 3 of 'HAL_I2C_Master_Transmit' makes pointer from integer without a cast [-Wint-conversion]
   15 | #define BMP_TEMP_MSB_REG 0xFA
      |                          ^~~~
      |                          |
      |                          int
../Core/Src/lib/bmp581.c:53:82: note: in expansion of macro 'BMP_TEMP_MSB_REG'
   53 |  HAL_I2C_Master_Transmit(bmpConfig.i2c_config, (uint16_t)(bmpConfig.address<<1), BMP_TEMP_MSB_REG, 1, 5);
      |                                                                                  ^~~~~~~~~~~~~~~~
In file included from ../Core/Inc/stm32f1xx_hal_conf.h:298,
                 from ../Drivers/STM32F1xx_HAL_Driver/Inc/stm32f1xx_hal.h:30,
                 from ../Core/Inc/bmp581.h:8,
                 from ../Core/Src/lib/bmp581.c:7:
../Drivers/STM32F1xx_HAL_Driver/Inc/stm32f1xx_hal_i2c.h:564:98: note: expected 'uint8_t *' {aka 'unsigned char *'} but argument is of type 'int'
  564 | HAL_StatusTypeDef HAL_I2C_Master_Transmit(I2C_HandleTypeDef *hi2c, uint16_t DevAddress, uint8_t *pData, uint16_t Size, uint32_t Timeout);
      |                                                                                         ~~~~~~~~~^~~~~
../Core/Src/lib/bmp581.c:57:10: warning: unused variable 'raw_temp' [-Wunused-variable]
   57 |  int16_t raw_temp = (rx_dat[0] << 8) | rx_dat[1];
      |          ^~~~~~~~
arm-none-eabi-gcc "../Core/Src/main.c" -mcpu=cortex-m3 -std=gnu11 -g3 -DDEBUG -DUSE_HAL_DRIVER -DSTM32F103xB -c -I../Core/Inc -I../Drivers/STM32F1xx_HAL_Driver/Inc -I../Drivers/STM32F1xx_HAL_Driver/Inc/Legacy -I../Drivers/CMSIS/Device/ST/STM32F1xx/Include -I../Drivers/CMSIS/Include -O0 -ffunction-sections -fdata-sections -Wall -fstack-usage -fcyclomatic-complexity -MMD -MP -MF"Core/Src/main.d" -MT"Core/Src/main.o" --specs=nano.specs -mfloat-abi=soft -mthumb -o "Core/Src/main.o"
arm-none-eabi-gcc "../Core/Src/stm32f1xx_hal_msp.c" -mcpu=cortex-m3 -std=gnu11 -g3 -DDEBUG -DUSE_HAL_DRIVER -DSTM32F103xB -c -I../Core/Inc -I../Drivers/STM32F1xx_HAL_Driver/Inc -I../Drivers/STM32F1xx_HAL_Driver/Inc/Legacy -I../Drivers/CMSIS/Device/ST/STM32F1xx/Include -I../Drivers/CMSIS/Include -O0 -ffunction-sections -fdata-sections -Wall -fstack-usage -fcyclomatic-complexity -MMD -MP -MF"Core/Src/stm32f1xx_hal_msp.d" -MT"Core/Src/stm32f1xx_hal_msp.o" --specs=nano.specs -mfloat-abi=soft -mthumb -o "Core/Src/stm32f1xx_hal_msp.o"
arm-none-eabi-gcc "../Core/Src/stm32f1xx_it.c" -mcpu=cortex-m3 -std=gnu11 -g3 -DDEBUG -DUSE_HAL_DRIVER -DSTM32F103xB -c -I../Core/Inc -I../Drivers/STM32F1xx_HAL_Driver/Inc -I../Drivers/STM32F1xx_HAL_Driver/Inc/Legacy -I../Drivers/CMSIS/Device/ST/STM32F1xx/Include -I../Drivers/CMSIS/Include -O0 -ffunction-sections -fdata-sections -Wall -fstack-usage -fcyclomatic-complexity -MMD -MP -MF"Core/Src/stm32f1xx_it.d" -MT"Core/Src/stm32f1xx_it.o" --specs=nano.specs -mfloat-abi=soft -mthumb -o "Core/Src/stm32f1xx_it.o"
arm-none-eabi-gcc "../Core/Src/syscalls.c" -mcpu=cortex-m3 -std=gnu11 -g3 -DDEBUG -DUSE_HAL_DRIVER -DSTM32F103xB -c -I../Core/Inc -I../Drivers/STM32F1xx_HAL_Driver/Inc -I../Drivers/STM32F1xx_HAL_Driver/Inc/Legacy -I../Drivers/CMSIS/Device/ST/STM32F1xx/Include -I../Drivers/CMSIS/Include -O0 -ffunction-sections -fdata-sections -Wall -fstack-usage -fcyclomatic-complexity -MMD -MP -MF"Core/Src/syscalls.d" -MT"Core/Src/syscalls.o" --specs=nano.specs -mfloat-abi=soft -mthumb -o "Core/Src/syscalls.o"
../Core/Src/main.c: In function 'main':
../Core/Src/main.c:105:11: warning: unused variable 'bmp_status' [-Wunused-variable]
  105 |   uint8_t bmp_status = BMP_Get_Device_Status();
      |           ^~~~~~~~~~
arm-none-eabi-gcc "../Core/Src/sysmem.c" -mcpu=cortex-m3 -std=gnu11 -g3 -DDEBUG -DUSE_HAL_DRIVER -DSTM32F103xB -c -I../Core/Inc -I../Drivers/STM32F1xx_HAL_Driver/Inc -I../Drivers/STM32F1xx_HAL_Driver/Inc/Legacy -I../Drivers/CMSIS/Device/ST/STM32F1xx/Include -I../Drivers/CMSIS/Include -O0 -ffunction-sections -fdata-sections -Wall -fstack-usage -fcyclomatic-complexity -MMD -MP -MF"Core/Src/sysmem.d" -MT"Core/Src/sysmem.o" --specs=nano.specs -mfloat-abi=soft -mthumb -o "Core/Src/sysmem.o"
arm-none-eabi-gcc "../Core/Src/system_stm32f1xx.c" -mcpu=cortex-m3 -std=gnu11 -g3 -DDEBUG -DUSE_HAL_DRIVER -DSTM32F103xB -c -I../Core/Inc -I../Drivers/STM32F1xx_HAL_Driver/Inc -I../Drivers/STM32F1xx_HAL_Driver/Inc/Legacy -I../Drivers/CMSIS/Device/ST/STM32F1xx/Include -I../Drivers/CMSIS/Include -O0 -ffunction-sections -fdata-sections -Wall -fstack-usage -fcyclomatic-complexity -MMD -MP -MF"Core/Src/system_stm32f1xx.d" -MT"Core/Src/system_stm32f1xx.o" --specs=nano.specs -mfloat-abi=soft -mthumb -o "Core/Src/system_stm32f1xx.o"
arm-none-eabi-gcc -o "baro_test.elf" @"objects.list"   -mcpu=cortex-m3 -T"C:\Users\kking\STM32CubeIDE\workspace_1.12.0\Altimeter\baro_test\STM32F103C8TX_FLASH.ld" --specs=nosys.specs -Wl,-Map="baro_test.map" -Wl,--gc-sections -static --specs=nano.specs -mfloat-abi=soft -mthumb -Wl,--start-group -lc -lm -Wl,--end-group
Finished building target: baro_test.elf
 
arm-none-eabi-size   baro_test.elf 
arm-none-eabi-objdump -h -S  baro_test.elf  > "baro_test.list"
   text	   data	    bss	    dec	    hex	filename
  14716	     20	   1876	  16612	   40e4	baro_test.elf
Finished building: default.size.stdout
 
Finished building: baro_test.list
 
10:44:16 **** Incremental Build of configuration Debug for project baro_test ****
make -j8 all 
arm-none-eabi-gcc "../Core/Src/lib/bmp581.c" -mcpu=cortex-m3 -std=gnu11 -g3 -DDEBUG -DUSE_HAL_DRIVER -DSTM32F103xB -c -I../Core/Inc -I../Drivers/STM32F1xx_HAL_Driver/Inc -I../Drivers/STM32F1xx_HAL_Driver/Inc/Legacy -I../Drivers/CMSIS/Device/ST/STM32F1xx/Include -I../Drivers/CMSIS/Include -O0 -ffunction-sections -fdata-sections -Wall -fstack-usage -fcyclomatic-complexity -MMD -MP -MF"Core/Src/lib/bmp581.d" -MT"Core/Src/lib/bmp581.o" --specs=nano.specs -mfloat-abi=soft -mthumb -o "Core/Src/lib/bmp581.o"
arm-none-eabi-gcc "../Core/Src/main.c" -mcpu=cortex-m3 -std=gnu11 -g3 -DDEBUG -DUSE_HAL_DRIVER -DSTM32F103xB -c -I../Core/Inc -I../Drivers/STM32F1xx_HAL_Driver/Inc -I../Drivers/STM32F1xx_HAL_Driver/Inc/Legacy -I../Drivers/CMSIS/Device/ST/STM32F1xx/Include -I../Drivers/CMSIS/Include -O0 -ffunction-sections -fdata-sections -Wall -fstack-usage -fcyclomatic-complexity -MMD -MP -MF"Core/Src/main.d" -MT"Core/Src/main.o" --specs=nano.specs -mfloat-abi=soft -mthumb -o "Core/Src/main.o"
../Core/Src/main.c: In function 'main':
../Core/Src/main.c:105:11: warning: unused variable 'bmp_status' [-Wunused-variable]
  105 |   uint8_t bmp_status = BMP_Get_Device_Status();
      |           ^~~~~~~~~~
In file included from ../Core/Src/lib/bmp581.c:7:
../Core/Src/lib/bmp581.c: In function 'BMP_Get_Device_Status':
../Core/Inc/bmp581.h:17:24: warning: passing argument 3 of 'HAL_I2C_Master_Transmit' makes pointer from integer without a cast [-Wint-conversion]
   17 | #define BMP_STATUS_REG 0x28
      |                        ^~~~
      |                        |
      |                        int
../Core/Src/lib/bmp581.c:30:82: note: in expansion of macro 'BMP_STATUS_REG'
   30 |  HAL_I2C_Master_Transmit(bmpConfig.i2c_config, (uint16_t)(bmpConfig.address<<1), BMP_STATUS_REG, 1, 5);
      |                                                                                  ^~~~~~~~~~~~~~
In file included from ../Core/Inc/stm32f1xx_hal_conf.h:298,
                 from ../Drivers/STM32F1xx_HAL_Driver/Inc/stm32f1xx_hal.h:30,
                 from ../Core/Inc/bmp581.h:8,
                 from ../Core/Src/lib/bmp581.c:7:
../Drivers/STM32F1xx_HAL_Driver/Inc/stm32f1xx_hal_i2c.h:564:98: note: expected 'uint8_t *' {aka 'unsigned char *'} but argument is of type 'int'
  564 | HAL_StatusTypeDef HAL_I2C_Master_Transmit(I2C_HandleTypeDef *hi2c, uint16_t DevAddress, uint8_t *pData, uint16_t Size, uint32_t Timeout);
      |                                                                                         ~~~~~~~~~^~~~~
../Core/Src/lib/bmp581.c: In function 'BMP_Read_Temperature':
../Core/Src/lib/bmp581.c:51:21: warning: unused variable 'res' [-Wunused-variable]
   51 |   HAL_StatusTypeDef res = HAL_I2C_Mem_Write(bmpConfig.i2c_config, (uint16_t)(bmpConfig.address<<1), 0xF4, 1, (uint8_t[]){0x2E}, 1, 5);
      |                     ^~~
In file included from ../Core/Src/lib/bmp581.c:7:
../Core/Inc/bmp581.h:15:26: warning: passing argument 3 of 'HAL_I2C_Master_Transmit' makes pointer from integer without a cast [-Wint-conversion]
   15 | #define BMP_TEMP_MSB_REG 0xFA
      |                          ^~~~
      |                          |
      |                          int
../Core/Src/lib/bmp581.c:57:82: note: in expansion of macro 'BMP_TEMP_MSB_REG'
   57 |  HAL_I2C_Master_Transmit(bmpConfig.i2c_config, (uint16_t)(bmpConfig.address<<1), BMP_TEMP_MSB_REG, 1, 5);
      |                                                                                  ^~~~~~~~~~~~~~~~
In file included from ../Core/Inc/stm32f1xx_hal_conf.h:298,
                 from ../Drivers/STM32F1xx_HAL_Driver/Inc/stm32f1xx_hal.h:30,
                 from ../Core/Inc/bmp581.h:8,
                 from ../Core/Src/lib/bmp581.c:7:
../Drivers/STM32F1xx_HAL_Driver/Inc/stm32f1xx_hal_i2c.h:564:98: note: expected 'uint8_t *' {aka 'unsigned char *'} but argument is of type 'int'
  564 | HAL_StatusTypeDef HAL_I2C_Master_Transmit(I2C_HandleTypeDef *hi2c, uint16_t DevAddress, uint8_t *pData, uint16_t Size, uint32_t Timeout);
      |                                                                                         ~~~~~~~~~^~~~~
../Core/Src/lib/bmp581.c:61:10: warning: unused variable 'raw_temp' [-Wunused-variable]
   61 |  int16_t raw_temp = (rx_dat[0] << 8) | rx_dat[1];
      |          ^~~~~~~~
arm-none-eabi-gcc -o "baro_test.elf" @"objects.list"   -mcpu=cortex-m3 -T"C:\Users\kking\STM32CubeIDE\workspace_1.12.0\Altimeter\baro_test\STM32F103C8TX_FLASH.ld" --specs=nosys.specs -Wl,-Map="baro_test.map" -Wl,--gc-sections -static --specs=nano.specs -mfloat-abi=soft -mthumb -Wl,--start-group -lc -lm -Wl,--end-group
Finished building target: baro_test.elf
 
arm-none-eabi-size   baro_test.elf 
arm-none-eabi-objdump -h -S  baro_test.elf  > "baro_test.list"
   text	   data	    bss	    dec	    hex	filename
  14768	     20	   1876	  16664	   4118	baro_test.elf
Finished building: default.size.stdout
 
Finished building: baro_test.list
 
10:46:05 **** Incremental Build of configuration Debug for project baro_test ****
make -j8 all 
arm-none-eabi-gcc "../Core/Src/lib/bmp581.c" -mcpu=cortex-m3 -std=gnu11 -g3 -DDEBUG -DUSE_HAL_DRIVER -DSTM32F103xB -c -I../Core/Inc -I../Drivers/STM32F1xx_HAL_Driver/Inc -I../Drivers/STM32F1xx_HAL_Driver/Inc/Legacy -I../Drivers/CMSIS/Device/ST/STM32F1xx/Include -I../Drivers/CMSIS/Include -O0 -ffunction-sections -fdata-sections -Wall -fstack-usage -fcyclomatic-complexity -MMD -MP -MF"Core/Src/lib/bmp581.d" -MT"Core/Src/lib/bmp581.o" --specs=nano.specs -mfloat-abi=soft -mthumb -o "Core/Src/lib/bmp581.o"
arm-none-eabi-gcc "../Core/Src/main.c" -mcpu=cortex-m3 -std=gnu11 -g3 -DDEBUG -DUSE_HAL_DRIVER -DSTM32F103xB -c -I../Core/Inc -I../Drivers/STM32F1xx_HAL_Driver/Inc -I../Drivers/STM32F1xx_HAL_Driver/Inc/Legacy -I../Drivers/CMSIS/Device/ST/STM32F1xx/Include -I../Drivers/CMSIS/Include -O0 -ffunction-sections -fdata-sections -Wall -fstack-usage -fcyclomatic-complexity -MMD -MP -MF"Core/Src/main.d" -MT"Core/Src/main.o" --specs=nano.specs -mfloat-abi=soft -mthumb -o "Core/Src/main.o"
In file included from ../Core/Src/lib/bmp581.c:7:
../Core/Src/lib/bmp581.c: In function 'BMP_Get_Device_Status':
../Core/Inc/bmp581.h:18:25: warning: passing argument 3 of 'HAL_I2C_Master_Transmit' makes pointer from integer without a cast [-Wint-conversion]
   18 | #define BMP_CHIP_ID_REG 0x01
      |                         ^~~~
      |                         |
      |                         int
../Core/Src/lib/bmp581.c:37:82: note: in expansion of macro 'BMP_CHIP_ID_REG'
   37 |  HAL_I2C_Master_Transmit(bmpConfig.i2c_config, (uint16_t)(bmpConfig.address<<1), BMP_CHIP_ID_REG, 1, 5);
      |                                                                                  ^~~~~~~~~~~~~~~
../Core/Src/main.c: In function 'main':
../Core/Src/main.c:105:11: warning: unused variable 'bmp_status' [-Wunused-variable]
  105 |   uint8_t bmp_status = BMP_Get_Device_Status();
      |           ^~~~~~~~~~
In file included from ../Core/Inc/stm32f1xx_hal_conf.h:298,
                 from ../Drivers/STM32F1xx_HAL_Driver/Inc/stm32f1xx_hal.h:30,
                 from ../Core/Inc/bmp581.h:8,
                 from ../Core/Src/lib/bmp581.c:7:
../Drivers/STM32F1xx_HAL_Driver/Inc/stm32f1xx_hal_i2c.h:564:98: note: expected 'uint8_t *' {aka 'unsigned char *'} but argument is of type 'int'
  564 | HAL_StatusTypeDef HAL_I2C_Master_Transmit(I2C_HandleTypeDef *hi2c, uint16_t DevAddress, uint8_t *pData, uint16_t Size, uint32_t Timeout);
      |                                                                                         ~~~~~~~~~^~~~~
../Core/Src/lib/bmp581.c: In function 'BMP_Read_Temperature':
../Core/Src/lib/bmp581.c:58:21: warning: unused variable 'res' [-Wunused-variable]
   58 |   HAL_StatusTypeDef res = HAL_I2C_Mem_Write(bmpConfig.i2c_config, (uint16_t)(bmpConfig.address<<1), 0xF4, 1, (uint8_t[]){0x2E}, 1, 5);
      |                     ^~~
In file included from ../Core/Src/lib/bmp581.c:7:
../Core/Inc/bmp581.h:15:26: warning: passing argument 3 of 'HAL_I2C_Master_Transmit' makes pointer from integer without a cast [-Wint-conversion]
   15 | #define BMP_TEMP_MSB_REG 0xFA
      |                          ^~~~
      |                          |
      |                          int
../Core/Src/lib/bmp581.c:64:82: note: in expansion of macro 'BMP_TEMP_MSB_REG'
   64 |  HAL_I2C_Master_Transmit(bmpConfig.i2c_config, (uint16_t)(bmpConfig.address<<1), BMP_TEMP_MSB_REG, 1, 5);
      |                                                                                  ^~~~~~~~~~~~~~~~
In file included from ../Core/Inc/stm32f1xx_hal_conf.h:298,
                 from ../Drivers/STM32F1xx_HAL_Driver/Inc/stm32f1xx_hal.h:30,
                 from ../Core/Inc/bmp581.h:8,
                 from ../Core/Src/lib/bmp581.c:7:
../Drivers/STM32F1xx_HAL_Driver/Inc/stm32f1xx_hal_i2c.h:564:98: note: expected 'uint8_t *' {aka 'unsigned char *'} but argument is of type 'int'
  564 | HAL_StatusTypeDef HAL_I2C_Master_Transmit(I2C_HandleTypeDef *hi2c, uint16_t DevAddress, uint8_t *pData, uint16_t Size, uint32_t Timeout);
      |                                                                                         ~~~~~~~~~^~~~~
../Core/Src/lib/bmp581.c:68:10: warning: unused variable 'raw_temp' [-Wunused-variable]
   68 |  int16_t raw_temp = (rx_dat[0] << 8) | rx_dat[1];
      |          ^~~~~~~~
arm-none-eabi-gcc -o "baro_test.elf" @"objects.list"   -mcpu=cortex-m3 -T"C:\Users\kking\STM32CubeIDE\workspace_1.12.0\Altimeter\baro_test\STM32F103C8TX_FLASH.ld" --specs=nosys.specs -Wl,-Map="baro_test.map" -Wl,--gc-sections -static --specs=nano.specs -mfloat-abi=soft -mthumb -Wl,--start-group -lc -lm -Wl,--end-group
Finished building target: baro_test.elf
 
arm-none-eabi-size   baro_test.elf 
arm-none-eabi-objdump -h -S  baro_test.elf  > "baro_test.list"
   text	   data	    bss	    dec	    hex	filename
  14768	     20	   1876	  16664	   4118	baro_test.elf
Finished building: default.size.stdout
 
Finished building: baro_test.list
 
10:46:47 **** Incremental Build of configuration Debug for project baro_test ****
make -j8 all 
arm-none-eabi-gcc "../Core/Src/lib/bmp581.c" -mcpu=cortex-m3 -std=gnu11 -g3 -DDEBUG -DUSE_HAL_DRIVER -DSTM32F103xB -c -I../Core/Inc -I../Drivers/STM32F1xx_HAL_Driver/Inc -I../Drivers/STM32F1xx_HAL_Driver/Inc/Legacy -I../Drivers/CMSIS/Device/ST/STM32F1xx/Include -I../Drivers/CMSIS/Include -O0 -ffunction-sections -fdata-sections -Wall -fstack-usage -fcyclomatic-complexity -MMD -MP -MF"Core/Src/lib/bmp581.d" -MT"Core/Src/lib/bmp581.o" --specs=nano.specs -mfloat-abi=soft -mthumb -o "Core/Src/lib/bmp581.o"
In file included from ../Core/Src/lib/bmp581.c:7:
../Core/Src/lib/bmp581.c: In function 'BMP_Get_Device_Status':
../Core/Inc/bmp581.h:18:25: warning: passing argument 3 of 'HAL_I2C_Master_Transmit' makes pointer from integer without a cast [-Wint-conversion]
   18 | #define BMP_CHIP_ID_REG 0x01
      |                         ^~~~
      |                         |
      |                         int
../Core/Src/lib/bmp581.c:37:82: note: in expansion of macro 'BMP_CHIP_ID_REG'
   37 |  HAL_I2C_Master_Transmit(bmpConfig.i2c_config, (uint16_t)(bmpConfig.address<<1), BMP_CHIP_ID_REG, 1, 5);
      |                                                                                  ^~~~~~~~~~~~~~~
In file included from ../Core/Inc/stm32f1xx_hal_conf.h:298,
                 from ../Drivers/STM32F1xx_HAL_Driver/Inc/stm32f1xx_hal.h:30,
                 from ../Core/Inc/bmp581.h:8,
                 from ../Core/Src/lib/bmp581.c:7:
../Drivers/STM32F1xx_HAL_Driver/Inc/stm32f1xx_hal_i2c.h:564:98: note: expected 'uint8_t *' {aka 'unsigned char *'} but argument is of type 'int'
  564 | HAL_StatusTypeDef HAL_I2C_Master_Transmit(I2C_HandleTypeDef *hi2c, uint16_t DevAddress, uint8_t *pData, uint16_t Size, uint32_t Timeout);
      |                                                                                         ~~~~~~~~~^~~~~
../Core/Src/lib/bmp581.c: In function 'BMP_Read_Temperature':
../Core/Src/lib/bmp581.c:58:21: warning: unused variable 'res' [-Wunused-variable]
   58 |   HAL_StatusTypeDef res = HAL_I2C_Mem_Write(bmpConfig.i2c_config, (uint16_t)(bmpConfig.address<<1), 0xF4, 1, (uint8_t[]){0x2E}, 1, 5);
      |                     ^~~
In file included from ../Core/Src/lib/bmp581.c:7:
../Core/Inc/bmp581.h:15:26: warning: passing argument 3 of 'HAL_I2C_Master_Transmit' makes pointer from integer without a cast [-Wint-conversion]
   15 | #define BMP_TEMP_MSB_REG 0xFA
      |                          ^~~~
      |                          |
      |                          int
../Core/Src/lib/bmp581.c:64:82: note: in expansion of macro 'BMP_TEMP_MSB_REG'
   64 |  HAL_I2C_Master_Transmit(bmpConfig.i2c_config, (uint16_t)(bmpConfig.address<<1), BMP_TEMP_MSB_REG, 1, 5);
      |                                                                                  ^~~~~~~~~~~~~~~~
In file included from ../Core/Inc/stm32f1xx_hal_conf.h:298,
                 from ../Drivers/STM32F1xx_HAL_Driver/Inc/stm32f1xx_hal.h:30,
                 from ../Core/Inc/bmp581.h:8,
                 from ../Core/Src/lib/bmp581.c:7:
../Drivers/STM32F1xx_HAL_Driver/Inc/stm32f1xx_hal_i2c.h:564:98: note: expected 'uint8_t *' {aka 'unsigned char *'} but argument is of type 'int'
  564 | HAL_StatusTypeDef HAL_I2C_Master_Transmit(I2C_HandleTypeDef *hi2c, uint16_t DevAddress, uint8_t *pData, uint16_t Size, uint32_t Timeout);
      |                                                                                         ~~~~~~~~~^~~~~
../Core/Src/lib/bmp581.c:68:10: warning: unused variable 'raw_temp' [-Wunused-variable]
   68 |  int16_t raw_temp = (rx_dat[0] << 8) | rx_dat[1];
      |          ^~~~~~~~
arm-none-eabi-gcc -o "baro_test.elf" @"objects.list"   -mcpu=cortex-m3 -T"C:\Users\kking\STM32CubeIDE\workspace_1.12.0\Altimeter\baro_test\STM32F103C8TX_FLASH.ld" --specs=nosys.specs -Wl,-Map="baro_test.map" -Wl,--gc-sections -static --specs=nano.specs -mfloat-abi=soft -mthumb -Wl,--start-group -lc -lm -Wl,--end-group
Finished building target: baro_test.elf
 
arm-none-eabi-size   baro_test.elf 
arm-none-eabi-objdump -h -S  baro_test.elf  > "baro_test.list"
   text	   data	    bss	    dec	    hex	filename
  14768	     20	   1876	  16664	   4118	baro_test.elf
Finished building: default.size.stdout
 
Finished building: baro_test.list
 
10:50:17 **** Incremental Build of configuration Debug for project baro_test ****
make -j8 all 
arm-none-eabi-gcc "../Core/Src/lib/bmp581.c" -mcpu=cortex-m3 -std=gnu11 -g3 -DDEBUG -DUSE_HAL_DRIVER -DSTM32F103xB -c -I../Core/Inc -I../Drivers/STM32F1xx_HAL_Driver/Inc -I../Drivers/STM32F1xx_HAL_Driver/Inc/Legacy -I../Drivers/CMSIS/Device/ST/STM32F1xx/Include -I../Drivers/CMSIS/Include -O0 -ffunction-sections -fdata-sections -Wall -fstack-usage -fcyclomatic-complexity -MMD -MP -MF"Core/Src/lib/bmp581.d" -MT"Core/Src/lib/bmp581.o" --specs=nano.specs -mfloat-abi=soft -mthumb -o "Core/Src/lib/bmp581.o"
In file included from ../Core/Src/lib/bmp581.c:7:
../Core/Src/lib/bmp581.c: In function 'BMP_Get_Device_Status':
../Core/Inc/bmp581.h:18:25: warning: passing argument 3 of 'HAL_I2C_Master_Transmit' makes pointer from integer without a cast [-Wint-conversion]
   18 | #define BMP_CHIP_ID_REG 0x01
      |                         ^~~~
      |                         |
      |                         int
../Core/Src/lib/bmp581.c:38:82: note: in expansion of macro 'BMP_CHIP_ID_REG'
   38 |  HAL_I2C_Master_Transmit(bmpConfig.i2c_config, (uint16_t)(bmpConfig.address<<1), BMP_CHIP_ID_REG, 1, 5);
      |                                                                                  ^~~~~~~~~~~~~~~
In file included from ../Core/Inc/stm32f1xx_hal_conf.h:298,
                 from ../Drivers/STM32F1xx_HAL_Driver/Inc/stm32f1xx_hal.h:30,
                 from ../Core/Inc/bmp581.h:8,
                 from ../Core/Src/lib/bmp581.c:7:
../Drivers/STM32F1xx_HAL_Driver/Inc/stm32f1xx_hal_i2c.h:564:98: note: expected 'uint8_t *' {aka 'unsigned char *'} but argument is of type 'int'
  564 | HAL_StatusTypeDef HAL_I2C_Master_Transmit(I2C_HandleTypeDef *hi2c, uint16_t DevAddress, uint8_t *pData, uint16_t Size, uint32_t Timeout);
      |                                                                                         ~~~~~~~~~^~~~~
../Core/Src/lib/bmp581.c: In function 'BMP_Read_Temperature':
../Core/Src/lib/bmp581.c:59:21: warning: unused variable 'res' [-Wunused-variable]
   59 |   HAL_StatusTypeDef res = HAL_I2C_Mem_Write(bmpConfig.i2c_config, (uint16_t)(bmpConfig.address<<1), 0xF4, 1, (uint8_t[]){0x2E}, 1, 5);
      |                     ^~~
In file included from ../Core/Src/lib/bmp581.c:7:
../Core/Inc/bmp581.h:15:26: warning: passing argument 3 of 'HAL_I2C_Master_Transmit' makes pointer from integer without a cast [-Wint-conversion]
   15 | #define BMP_TEMP_MSB_REG 0xFA
      |                          ^~~~
      |                          |
      |                          int
../Core/Src/lib/bmp581.c:65:82: note: in expansion of macro 'BMP_TEMP_MSB_REG'
   65 |  HAL_I2C_Master_Transmit(bmpConfig.i2c_config, (uint16_t)(bmpConfig.address<<1), BMP_TEMP_MSB_REG, 1, 5);
      |                                                                                  ^~~~~~~~~~~~~~~~
In file included from ../Core/Inc/stm32f1xx_hal_conf.h:298,
                 from ../Drivers/STM32F1xx_HAL_Driver/Inc/stm32f1xx_hal.h:30,
                 from ../Core/Inc/bmp581.h:8,
                 from ../Core/Src/lib/bmp581.c:7:
../Drivers/STM32F1xx_HAL_Driver/Inc/stm32f1xx_hal_i2c.h:564:98: note: expected 'uint8_t *' {aka 'unsigned char *'} but argument is of type 'int'
  564 | HAL_StatusTypeDef HAL_I2C_Master_Transmit(I2C_HandleTypeDef *hi2c, uint16_t DevAddress, uint8_t *pData, uint16_t Size, uint32_t Timeout);
      |                                                                                         ~~~~~~~~~^~~~~
../Core/Src/lib/bmp581.c:69:10: warning: unused variable 'raw_temp' [-Wunused-variable]
   69 |  int16_t raw_temp = (rx_dat[0] << 8) | rx_dat[1];
      |          ^~~~~~~~
arm-none-eabi-gcc -o "baro_test.elf" @"objects.list"   -mcpu=cortex-m3 -T"C:\Users\kking\STM32CubeIDE\workspace_1.12.0\Altimeter\baro_test\STM32F103C8TX_FLASH.ld" --specs=nosys.specs -Wl,-Map="baro_test.map" -Wl,--gc-sections -static --specs=nano.specs -mfloat-abi=soft -mthumb -Wl,--start-group -lc -lm -Wl,--end-group
Finished building target: baro_test.elf
 
arm-none-eabi-size   baro_test.elf 
arm-none-eabi-objdump -h -S  baro_test.elf  > "baro_test.list"
   text	   data	    bss	    dec	    hex	filename
  14776	     20	   1876	  16672	   4120	baro_test.elf
Finished building: default.size.stdout
 
Finished building: baro_test.list
 
10:50:46 **** Incremental Build of configuration Debug for project baro_test ****
make -j8 all 
arm-none-eabi-size   baro_test.elf 
   text	   data	    bss	    dec	    hex	filename
  14776	     20	   1876	  16672	   4120	baro_test.elf
Finished building: default.size.stdout
 
10:54:58 **** Incremental Build of configuration Debug for project baro_test ****
make -j8 all 
arm-none-eabi-gcc "../Core/Src/lib/bmp581.c" -mcpu=cortex-m3 -std=gnu11 -g3 -DDEBUG -DUSE_HAL_DRIVER -DSTM32F103xB -c -I../Core/Inc -I../Drivers/STM32F1xx_HAL_Driver/Inc -I../Drivers/STM32F1xx_HAL_Driver/Inc/Legacy -I../Drivers/CMSIS/Device/ST/STM32F1xx/Include -I../Drivers/CMSIS/Include -O0 -ffunction-sections -fdata-sections -Wall -fstack-usage -fcyclomatic-complexity -MMD -MP -MF"Core/Src/lib/bmp581.d" -MT"Core/Src/lib/bmp581.o" --specs=nano.specs -mfloat-abi=soft -mthumb -o "Core/Src/lib/bmp581.o"
../Core/Src/lib/bmp581.c: In function 'BMP_Read_Temperature':
../Core/Src/lib/bmp581.c:57:21: warning: unused variable 'res' [-Wunused-variable]
   57 |   HAL_StatusTypeDef res = HAL_I2C_Mem_Write(bmpConfig.i2c_config, (uint16_t)(bmpConfig.address<<1), 0xF4, 1, (uint8_t[]){0x2E}, 1, 5);
      |                     ^~~
In file included from ../Core/Src/lib/bmp581.c:7:
../Core/Inc/bmp581.h:15:26: warning: passing argument 3 of 'HAL_I2C_Master_Transmit' makes pointer from integer without a cast [-Wint-conversion]
   15 | #define BMP_TEMP_MSB_REG 0xFA
      |                          ^~~~
      |                          |
      |                          int
../Core/Src/lib/bmp581.c:63:82: note: in expansion of macro 'BMP_TEMP_MSB_REG'
   63 |  HAL_I2C_Master_Transmit(bmpConfig.i2c_config, (uint16_t)(bmpConfig.address<<1), BMP_TEMP_MSB_REG, 1, 5);
      |                                                                                  ^~~~~~~~~~~~~~~~
In file included from ../Core/Inc/stm32f1xx_hal_conf.h:298,
                 from ../Drivers/STM32F1xx_HAL_Driver/Inc/stm32f1xx_hal.h:30,
                 from ../Core/Inc/bmp581.h:8,
                 from ../Core/Src/lib/bmp581.c:7:
../Drivers/STM32F1xx_HAL_Driver/Inc/stm32f1xx_hal_i2c.h:564:98: note: expected 'uint8_t *' {aka 'unsigned char *'} but argument is of type 'int'
  564 | HAL_StatusTypeDef HAL_I2C_Master_Transmit(I2C_HandleTypeDef *hi2c, uint16_t DevAddress, uint8_t *pData, uint16_t Size, uint32_t Timeout);
      |                                                                                         ~~~~~~~~~^~~~~
../Core/Src/lib/bmp581.c:67:10: warning: unused variable 'raw_temp' [-Wunused-variable]
   67 |  int16_t raw_temp = (rx_dat[0] << 8) | rx_dat[1];
      |          ^~~~~~~~
arm-none-eabi-gcc -o "baro_test.elf" @"objects.list"   -mcpu=cortex-m3 -T"C:\Users\kking\STM32CubeIDE\workspace_1.12.0\Altimeter\baro_test\STM32F103C8TX_FLASH.ld" --specs=nosys.specs -Wl,-Map="baro_test.map" -Wl,--gc-sections -static --specs=nano.specs -mfloat-abi=soft -mthumb -Wl,--start-group -lc -lm -Wl,--end-group
Finished building target: baro_test.elf
 
arm-none-eabi-size   baro_test.elf 
arm-none-eabi-objdump -h -S  baro_test.elf  > "baro_test.list"
   text	   data	    bss	    dec	    hex	filename
  16448	     20	   1876	  18344	   47a8	baro_test.elf
Finished building: default.size.stdout
 
Finished building: baro_test.list
 
10:55:29 **** Incremental Build of configuration Debug for project baro_test ****
make -j8 all 
arm-none-eabi-gcc "../Core/Src/lib/bmp581.c" -mcpu=cortex-m3 -std=gnu11 -g3 -DDEBUG -DUSE_HAL_DRIVER -DSTM32F103xB -c -I../Core/Inc -I../Drivers/STM32F1xx_HAL_Driver/Inc -I../Drivers/STM32F1xx_HAL_Driver/Inc/Legacy -I../Drivers/CMSIS/Device/ST/STM32F1xx/Include -I../Drivers/CMSIS/Include -O0 -ffunction-sections -fdata-sections -Wall -fstack-usage -fcyclomatic-complexity -MMD -MP -MF"Core/Src/lib/bmp581.d" -MT"Core/Src/lib/bmp581.o" --specs=nano.specs -mfloat-abi=soft -mthumb -o "Core/Src/lib/bmp581.o"
../Core/Src/lib/bmp581.c: In function 'BMP_Read_Temperature':
../Core/Src/lib/bmp581.c:57:21: warning: unused variable 'res' [-Wunused-variable]
   57 |   HAL_StatusTypeDef res = HAL_I2C_Mem_Write(bmpConfig.i2c_config, (uint16_t)(bmpConfig.address<<1), 0xF4, 1, (uint8_t[]){0x2E}, 1, 5);
      |                     ^~~
In file included from ../Core/Src/lib/bmp581.c:7:
../Core/Inc/bmp581.h:15:26: warning: passing argument 3 of 'HAL_I2C_Master_Transmit' makes pointer from integer without a cast [-Wint-conversion]
   15 | #define BMP_TEMP_MSB_REG 0xFA
      |                          ^~~~
      |                          |
      |                          int
../Core/Src/lib/bmp581.c:63:82: note: in expansion of macro 'BMP_TEMP_MSB_REG'
   63 |  HAL_I2C_Master_Transmit(bmpConfig.i2c_config, (uint16_t)(bmpConfig.address<<1), BMP_TEMP_MSB_REG, 1, 5);
      |                                                                                  ^~~~~~~~~~~~~~~~
In file included from ../Core/Inc/stm32f1xx_hal_conf.h:298,
                 from ../Drivers/STM32F1xx_HAL_Driver/Inc/stm32f1xx_hal.h:30,
                 from ../Core/Inc/bmp581.h:8,
                 from ../Core/Src/lib/bmp581.c:7:
../Drivers/STM32F1xx_HAL_Driver/Inc/stm32f1xx_hal_i2c.h:564:98: note: expected 'uint8_t *' {aka 'unsigned char *'} but argument is of type 'int'
  564 | HAL_StatusTypeDef HAL_I2C_Master_Transmit(I2C_HandleTypeDef *hi2c, uint16_t DevAddress, uint8_t *pData, uint16_t Size, uint32_t Timeout);
      |                                                                                         ~~~~~~~~~^~~~~
../Core/Src/lib/bmp581.c:67:10: warning: unused variable 'raw_temp' [-Wunused-variable]
   67 |  int16_t raw_temp = (rx_dat[0] << 8) | rx_dat[1];
      |          ^~~~~~~~
arm-none-eabi-gcc -o "baro_test.elf" @"objects.list"   -mcpu=cortex-m3 -T"C:\Users\kking\STM32CubeIDE\workspace_1.12.0\Altimeter\baro_test\STM32F103C8TX_FLASH.ld" --specs=nosys.specs -Wl,-Map="baro_test.map" -Wl,--gc-sections -static --specs=nano.specs -mfloat-abi=soft -mthumb -Wl,--start-group -lc -lm -Wl,--end-group
Finished building target: baro_test.elf
 
arm-none-eabi-size   baro_test.elf 
arm-none-eabi-objdump -h -S  baro_test.elf  > "baro_test.list"
   text	   data	    bss	    dec	    hex	filename
  16448	     20	   1876	  18344	   47a8	baro_test.elf
Finished building: default.size.stdout
 
Finished building: baro_test.list
 
10:56:27 **** Incremental Build of configuration Debug for project baro_test ****
make -j8 all 
arm-none-eabi-gcc "../Core/Src/lib/bmp581.c" -mcpu=cortex-m3 -std=gnu11 -g3 -DDEBUG -DUSE_HAL_DRIVER -DSTM32F103xB -c -I../Core/Inc -I../Drivers/STM32F1xx_HAL_Driver/Inc -I../Drivers/STM32F1xx_HAL_Driver/Inc/Legacy -I../Drivers/CMSIS/Device/ST/STM32F1xx/Include -I../Drivers/CMSIS/Include -O0 -ffunction-sections -fdata-sections -Wall -fstack-usage -fcyclomatic-complexity -MMD -MP -MF"Core/Src/lib/bmp581.d" -MT"Core/Src/lib/bmp581.o" --specs=nano.specs -mfloat-abi=soft -mthumb -o "Core/Src/lib/bmp581.o"
../Core/Src/lib/bmp581.c: In function 'BMP_Read_Temperature':
../Core/Src/lib/bmp581.c:57:21: warning: unused variable 'res' [-Wunused-variable]
   57 |   HAL_StatusTypeDef res = HAL_I2C_Mem_Write(bmpConfig.i2c_config, (uint16_t)(bmpConfig.address<<1), 0xF4, 1, (uint8_t[]){0x2E}, 1, 5);
      |                     ^~~
In file included from ../Core/Src/lib/bmp581.c:7:
../Core/Inc/bmp581.h:15:26: warning: passing argument 3 of 'HAL_I2C_Master_Transmit' makes pointer from integer without a cast [-Wint-conversion]
   15 | #define BMP_TEMP_MSB_REG 0xFA
      |                          ^~~~
      |                          |
      |                          int
../Core/Src/lib/bmp581.c:63:82: note: in expansion of macro 'BMP_TEMP_MSB_REG'
   63 |  HAL_I2C_Master_Transmit(bmpConfig.i2c_config, (uint16_t)(bmpConfig.address<<1), BMP_TEMP_MSB_REG, 1, 5);
      |                                                                                  ^~~~~~~~~~~~~~~~
In file included from ../Core/Inc/stm32f1xx_hal_conf.h:298,
                 from ../Drivers/STM32F1xx_HAL_Driver/Inc/stm32f1xx_hal.h:30,
                 from ../Core/Inc/bmp581.h:8,
                 from ../Core/Src/lib/bmp581.c:7:
../Drivers/STM32F1xx_HAL_Driver/Inc/stm32f1xx_hal_i2c.h:564:98: note: expected 'uint8_t *' {aka 'unsigned char *'} but argument is of type 'int'
  564 | HAL_StatusTypeDef HAL_I2C_Master_Transmit(I2C_HandleTypeDef *hi2c, uint16_t DevAddress, uint8_t *pData, uint16_t Size, uint32_t Timeout);
      |                                                                                         ~~~~~~~~~^~~~~
../Core/Src/lib/bmp581.c:67:10: warning: unused variable 'raw_temp' [-Wunused-variable]
   67 |  int16_t raw_temp = (rx_dat[0] << 8) | rx_dat[1];
      |          ^~~~~~~~
arm-none-eabi-gcc -o "baro_test.elf" @"objects.list"   -mcpu=cortex-m3 -T"C:\Users\kking\STM32CubeIDE\workspace_1.12.0\Altimeter\baro_test\STM32F103C8TX_FLASH.ld" --specs=nosys.specs -Wl,-Map="baro_test.map" -Wl,--gc-sections -static --specs=nano.specs -mfloat-abi=soft -mthumb -Wl,--start-group -lc -lm -Wl,--end-group
Finished building target: baro_test.elf
 
arm-none-eabi-size   baro_test.elf 
arm-none-eabi-objdump -h -S  baro_test.elf  > "baro_test.list"
   text	   data	    bss	    dec	    hex	filename
  16448	     20	   1876	  18344	   47a8	baro_test.elf
Finished building: default.size.stdout
 
Finished building: baro_test.list
 
10:58:00 **** Incremental Build of configuration Debug for project baro_test ****
make -j8 all 
arm-none-eabi-gcc "../Core/Src/lib/bmp581.c" -mcpu=cortex-m3 -std=gnu11 -g3 -DDEBUG -DUSE_HAL_DRIVER -DSTM32F103xB -c -I../Core/Inc -I../Drivers/STM32F1xx_HAL_Driver/Inc -I../Drivers/STM32F1xx_HAL_Driver/Inc/Legacy -I../Drivers/CMSIS/Device/ST/STM32F1xx/Include -I../Drivers/CMSIS/Include -O0 -ffunction-sections -fdata-sections -Wall -fstack-usage -fcyclomatic-complexity -MMD -MP -MF"Core/Src/lib/bmp581.d" -MT"Core/Src/lib/bmp581.o" --specs=nano.specs -mfloat-abi=soft -mthumb -o "Core/Src/lib/bmp581.o"
../Core/Src/lib/bmp581.c: In function 'BMP_Get_Device_Status':
../Core/Src/lib/bmp581.c:41:20: warning: initialization of 'uint8_t' {aka 'unsigned char'} from 'uint8_t *' {aka 'unsigned char *'} makes integer from pointer without a cast [-Wint-conversion]
   41 |  uint8_t chip_id = &rx_dat[0];
      |                    ^
../Core/Src/lib/bmp581.c:45:23: warning: initialization of 'uint8_t' {aka 'unsigned char'} from 'uint8_t *' {aka 'unsigned char *'} makes integer from pointer without a cast [-Wint-conversion]
   45 |  uint8_t bmp_status = &rx_dat[0];
      |                       ^
../Core/Src/lib/bmp581.c:45:10: warning: unused variable 'bmp_status' [-Wunused-variable]
   45 |  uint8_t bmp_status = &rx_dat[0];
      |          ^~~~~~~~~~
../Core/Src/lib/bmp581.c:41:10: warning: unused variable 'chip_id' [-Wunused-variable]
   41 |  uint8_t chip_id = &rx_dat[0];
      |          ^~~~~~~
../Core/Src/lib/bmp581.c: In function 'BMP_Read_Temperature':
../Core/Src/lib/bmp581.c:63:21: warning: unused variable 'res' [-Wunused-variable]
   63 |   HAL_StatusTypeDef res = HAL_I2C_Mem_Write(bmpConfig.i2c_config, (uint16_t)(bmpConfig.address<<1), 0xF4, 1, (uint8_t[]){0x2E}, 1, 5);
      |                     ^~~
In file included from ../Core/Src/lib/bmp581.c:7:
../Core/Inc/bmp581.h:15:26: warning: passing argument 3 of 'HAL_I2C_Master_Transmit' makes pointer from integer without a cast [-Wint-conversion]
   15 | #define BMP_TEMP_MSB_REG 0xFA
      |                          ^~~~
      |                          |
      |                          int
../Core/Src/lib/bmp581.c:69:82: note: in expansion of macro 'BMP_TEMP_MSB_REG'
   69 |  HAL_I2C_Master_Transmit(bmpConfig.i2c_config, (uint16_t)(bmpConfig.address<<1), BMP_TEMP_MSB_REG, 1, 5);
      |                                                                                  ^~~~~~~~~~~~~~~~
In file included from ../Core/Inc/stm32f1xx_hal_conf.h:298,
                 from ../Drivers/STM32F1xx_HAL_Driver/Inc/stm32f1xx_hal.h:30,
                 from ../Core/Inc/bmp581.h:8,
                 from ../Core/Src/lib/bmp581.c:7:
../Drivers/STM32F1xx_HAL_Driver/Inc/stm32f1xx_hal_i2c.h:564:98: note: expected 'uint8_t *' {aka 'unsigned char *'} but argument is of type 'int'
  564 | HAL_StatusTypeDef HAL_I2C_Master_Transmit(I2C_HandleTypeDef *hi2c, uint16_t DevAddress, uint8_t *pData, uint16_t Size, uint32_t Timeout);
      |                                                                                         ~~~~~~~~~^~~~~
../Core/Src/lib/bmp581.c:73:10: warning: unused variable 'raw_temp' [-Wunused-variable]
   73 |  int16_t raw_temp = (rx_dat[0] << 8) | rx_dat[1];
      |          ^~~~~~~~
arm-none-eabi-gcc -o "baro_test.elf" @"objects.list"   -mcpu=cortex-m3 -T"C:\Users\kking\STM32CubeIDE\workspace_1.12.0\Altimeter\baro_test\STM32F103C8TX_FLASH.ld" --specs=nosys.specs -Wl,-Map="baro_test.map" -Wl,--gc-sections -static --specs=nano.specs -mfloat-abi=soft -mthumb -Wl,--start-group -lc -lm -Wl,--end-group
Finished building target: baro_test.elf
 
arm-none-eabi-size   baro_test.elf 
arm-none-eabi-objdump -h -S  baro_test.elf  > "baro_test.list"
   text	   data	    bss	    dec	    hex	filename
  16488	     20	   1876	  18384	   47d0	baro_test.elf
Finished building: default.size.stdout
 
Finished building: baro_test.list
 
10:59:50 **** Incremental Build of configuration Debug for project baro_test ****
make -j8 all 
arm-none-eabi-gcc "../Core/Src/lib/bmp581.c" -mcpu=cortex-m3 -std=gnu11 -g3 -DDEBUG -DUSE_HAL_DRIVER -DSTM32F103xB -c -I../Core/Inc -I../Drivers/STM32F1xx_HAL_Driver/Inc -I../Drivers/STM32F1xx_HAL_Driver/Inc/Legacy -I../Drivers/CMSIS/Device/ST/STM32F1xx/Include -I../Drivers/CMSIS/Include -O0 -ffunction-sections -fdata-sections -Wall -fstack-usage -fcyclomatic-complexity -MMD -MP -MF"Core/Src/lib/bmp581.d" -MT"Core/Src/lib/bmp581.o" --specs=nano.specs -mfloat-abi=soft -mthumb -o "Core/Src/lib/bmp581.o"
../Core/Src/lib/bmp581.c: In function 'BMP_Get_Device_Status':
../Core/Src/lib/bmp581.c:42:2: error: expected '=', ',', ';', 'asm' or '__attribute__' before '*' token
   42 |  *chip_id = *rx_dat[0];
      |  ^
../Core/Src/lib/bmp581.c:42:3: error: 'chip_id' undeclared (first use in this function)
   42 |  *chip_id = *rx_dat[0];
      |   ^~~~~~~
../Core/Src/lib/bmp581.c:42:3: note: each undeclared identifier is reported only once for each function it appears in
../Core/Src/lib/bmp581.c:42:13: error: invalid type argument of unary '*' (have 'int')
   42 |  *chip_id = *rx_dat[0];
      |             ^~~~~~~~~~
../Core/Src/lib/bmp581.c:47:2: error: invalid type argument of unary '*' (have 'int')
   47 |  *bmp_status = *rx_dat[0];
      |  ^~~~~~~~~~~
../Core/Src/lib/bmp581.c:47:16: error: invalid type argument of unary '*' (have 'int')
   47 |  *bmp_status = *rx_dat[0];
      |                ^~~~~~~~~~
../Core/Src/lib/bmp581.c: In function 'BMP_Read_Temperature':
../Core/Src/lib/bmp581.c:65:21: warning: unused variable 'res' [-Wunused-variable]
   65 |   HAL_StatusTypeDef res = HAL_I2C_Mem_Write(bmpConfig.i2c_config, (uint16_t)(bmpConfig.address<<1), 0xF4, 1, (uint8_t[]){0x2E}, 1, 5);
      |                     ^~~
In file included from ../Core/Src/lib/bmp581.c:7:
../Core/Inc/bmp581.h:15:26: warning: passing argument 3 of 'HAL_I2C_Master_Transmit' makes pointer from integer without a cast [-Wint-conversion]
   15 | #define BMP_TEMP_MSB_REG 0xFA
      |                          ^~~~
      |                          |
      |                          int
../Core/Src/lib/bmp581.c:71:82: note: in expansion of macro 'BMP_TEMP_MSB_REG'
   71 |  HAL_I2C_Master_Transmit(bmpConfig.i2c_config, (uint16_t)(bmpConfig.address<<1), BMP_TEMP_MSB_REG, 1, 5);
      |                                                                                  ^~~~~~~~~~~~~~~~
In file included from ../Core/Inc/stm32f1xx_hal_conf.h:298,
                 from ../Drivers/STM32F1xx_HAL_Driver/Inc/stm32f1xx_hal.h:30,
                 from ../Core/Inc/bmp581.h:8,
                 from ../Core/Src/lib/bmp581.c:7:
../Drivers/STM32F1xx_HAL_Driver/Inc/stm32f1xx_hal_i2c.h:564:98: note: expected 'uint8_t *' {aka 'unsigned char *'} but argument is of type 'int'
  564 | HAL_StatusTypeDef HAL_I2C_Master_Transmit(I2C_HandleTypeDef *hi2c, uint16_t DevAddress, uint8_t *pData, uint16_t Size, uint32_t Timeout);
      |                                                                                         ~~~~~~~~~^~~~~
../Core/Src/lib/bmp581.c:75:10: warning: unused variable 'raw_temp' [-Wunused-variable]
   75 |  int16_t raw_temp = (rx_dat[0] << 8) | rx_dat[1];
      |          ^~~~~~~~
make: *** [Core/Src/lib/subdir.mk:19: Core/Src/lib/bmp581.o] Error 1
"make -j8 all" terminated with exit code 2. Build might be incomplete.
11:00:44 **** Incremental Build of configuration Debug for project baro_test ****
make -j8 all 
arm-none-eabi-gcc "../Core/Src/lib/bmp581.c" -mcpu=cortex-m3 -std=gnu11 -g3 -DDEBUG -DUSE_HAL_DRIVER -DSTM32F103xB -c -I../Core/Inc -I../Drivers/STM32F1xx_HAL_Driver/Inc -I../Drivers/STM32F1xx_HAL_Driver/Inc/Legacy -I../Drivers/CMSIS/Device/ST/STM32F1xx/Include -I../Drivers/CMSIS/Include -O0 -ffunction-sections -fdata-sections -Wall -fstack-usage -fcyclomatic-complexity -MMD -MP -MF"Core/Src/lib/bmp581.d" -MT"Core/Src/lib/bmp581.o" --specs=nano.specs -mfloat-abi=soft -mthumb -o "Core/Src/lib/bmp581.o"
../Core/Src/lib/bmp581.c: In function 'BMP_Get_Device_Status':
../Core/Src/lib/bmp581.c:46:10: warning: unused variable 'bmp_status' [-Wunused-variable]
   46 |  uint8_t bmp_status = status_rx_dat[0];
      |          ^~~~~~~~~~
../Core/Src/lib/bmp581.c:41:10: warning: unused variable 'chip_id' [-Wunused-variable]
   41 |  uint8_t chip_id = chipid_rx_dat[0];
      |          ^~~~~~~
../Core/Src/lib/bmp581.c: In function 'BMP_Read_Temperature':
../Core/Src/lib/bmp581.c:64:21: warning: unused variable 'res' [-Wunused-variable]
   64 |   HAL_StatusTypeDef res = HAL_I2C_Mem_Write(bmpConfig.i2c_config, (uint16_t)(bmpConfig.address<<1), 0xF4, 1, (uint8_t[]){0x2E}, 1, 5);
      |                     ^~~
In file included from ../Core/Src/lib/bmp581.c:7:
../Core/Inc/bmp581.h:15:26: warning: passing argument 3 of 'HAL_I2C_Master_Transmit' makes pointer from integer without a cast [-Wint-conversion]
   15 | #define BMP_TEMP_MSB_REG 0xFA
      |                          ^~~~
      |                          |
      |                          int
[...]
../Core/Src/main.c:109:11: warning: unused variable 'bmp_status' [-Wunused-variable]
  109 |   uint8_t bmp_status = BMP_Get_Device_Status();
      |           ^~~~~~~~~~
../Core/Src/main.c:108:23: warning: unused variable 'bmp_mode' [-Wunused-variable]
  108 |   enum BMP_Power_Mode bmp_mode = BMP_Get_Mode();
      |                       ^~~~~~~~
make: *** [Core/Src/subdir.mk:34: Core/Src/main.o] Error 1
"make -j8 all" terminated with exit code 2. Build might be incomplete.
00:17:56 **** Incremental Build of configuration Debug for project baro_test ****
make -j8 all 
arm-none-eabi-gcc "../Core/Src/lib/bmp581.c" -mcpu=cortex-m3 -std=gnu11 -g3 -DDEBUG -DUSE_HAL_DRIVER -DSTM32F103xB -c -I../Core/Inc -I../Drivers/STM32F1xx_HAL_Driver/Inc -I../Drivers/STM32F1xx_HAL_Driver/Inc/Legacy -I../Drivers/CMSIS/Device/ST/STM32F1xx/Include -I../Drivers/CMSIS/Include -O0 -ffunction-sections -fdata-sections -Wall -fstack-usage -fcyclomatic-complexity -MMD -MP -MF"Core/Src/lib/bmp581.d" -MT"Core/Src/lib/bmp581.o" --specs=nano.specs -mfloat-abi=soft -mthumb -o "Core/Src/lib/bmp581.o"
arm-none-eabi-gcc "../Core/Src/main.c" -mcpu=cortex-m3 -std=gnu11 -g3 -DDEBUG -DUSE_HAL_DRIVER -DSTM32F103xB -c -I../Core/Inc -I../Drivers/STM32F1xx_HAL_Driver/Inc -I../Drivers/STM32F1xx_HAL_Driver/Inc/Legacy -I../Drivers/CMSIS/Device/ST/STM32F1xx/Include -I../Drivers/CMSIS/Include -O0 -ffunction-sections -fdata-sections -Wall -fstack-usage -fcyclomatic-complexity -MMD -MP -MF"Core/Src/main.d" -MT"Core/Src/main.o" --specs=nano.specs -mfloat-abi=soft -mthumb -o "Core/Src/main.o"
../Core/Src/lib/bmp581.c: In function 'BMP_Get_Device_Status':
../Core/Src/lib/bmp581.c:100:10: warning: unused variable 'chip_id' [-Wunused-variable]
  100 |  uint8_t chip_id = chipid_rx_dat[0];
      |          ^~~~~~~
../Core/Src/lib/bmp581.c: In function 'BMP_Read_Data':
../Core/Src/lib/bmp581.c:121:9: warning: assignment to 'double *' from 'uint32_t' {aka 'long unsigned int'} makes pointer from integer without a cast [-Wint-conversion]
  121 |  temp_c = temp_conc >> 16;
      |         ^
../Core/Src/lib/bmp581.c:124:11: warning: assignment to 'double *' from 'uint32_t' {aka 'long unsigned int'} makes pointer from integer without a cast [-Wint-conversion]
  124 |  pressure = pressure_conc >> 16;
      |           ^
../Core/Src/lib/bmp581.c: In function 'BMP_Get_Mode':
../Core/Src/lib/bmp581.c:164:1: warning: control reaches end of non-void function [-Wreturn-type]
  164 | }
      | ^
../Core/Src/main.c: In function 'main':
../Core/Src/main.c:117:33: error: expected expression before 'void'
  117 |  BMP_Read_Temperature(&temp_c, &void);
      |                                 ^~~~
../Core/Src/main.c:109:11: warning: unused variable 'bmp_status' [-Wunused-variable]
  109 |   uint8_t bmp_status = BMP_Get_Device_Status();
      |           ^~~~~~~~~~
../Core/Src/main.c:108:23: warning: unused variable 'bmp_mode' [-Wunused-variable]
  108 |   enum BMP_Power_Mode bmp_mode = BMP_Get_Mode();
      |                       ^~~~~~~~
make: *** [Core/Src/subdir.mk:34: Core/Src/main.o] Error 1
make: *** Waiting for unfinished jobs....
"make -j8 all" terminated with exit code 2. Build might be incomplete.
00:18:24 **** Incremental Build of configuration Debug for project baro_test ****
make -j8 all 
arm-none-eabi-gcc "../Core/Src/main.c" -mcpu=cortex-m3 -std=gnu11 -g3 -DDEBUG -DUSE_HAL_DRIVER -DSTM32F103xB -c -I../Core/Inc -I../Drivers/STM32F1xx_HAL_Driver/Inc -I../Drivers/STM32F1xx_HAL_Driver/Inc/Legacy -I../Drivers/CMSIS/Device/ST/STM32F1xx/Include -I../Drivers/CMSIS/Include -O0 -ffunction-sections -fdata-sections -Wall -fstack-usage -fcyclomatic-complexity -MMD -MP -MF"Core/Src/main.d" -MT"Core/Src/main.o" --specs=nano.specs -mfloat-abi=soft -mthumb -o "Core/Src/main.o"
../Core/Src/main.c: In function 'main':
../Core/Src/main.c:109:11: warning: unused variable 'bmp_status' [-Wunused-variable]
  109 |   uint8_t bmp_status = BMP_Get_Device_Status();
      |           ^~~~~~~~~~
../Core/Src/main.c:108:23: warning: unused variable 'bmp_mode' [-Wunused-variable]
  108 |   enum BMP_Power_Mode bmp_mode = BMP_Get_Mode();
      |                       ^~~~~~~~
arm-none-eabi-gcc -o "baro_test.elf" @"objects.list"   -mcpu=cortex-m3 -T"C:\Users\kking\STM32CubeIDE\workspace_1.12.0\Altimeter\baro_test\STM32F103C8TX_FLASH.ld" --specs=nosys.specs -Wl,-Map="baro_test.map" -Wl,--gc-sections -static --specs=nano.specs -mfloat-abi=soft -mthumb -Wl,--start-group -lc -lm -Wl,--end-group
Finished building target: baro_test.elf
 
arm-none-eabi-size   baro_test.elf 
arm-none-eabi-objdump -h -S  baro_test.elf  > "baro_test.list"
   text	   data	    bss	    dec	    hex	filename
  25656	     20	   2268	  27944	   6d28	baro_test.elf
Finished building: default.size.stdout
 
Finished building: baro_test.list
 
00:18:36 **** Incremental Build of configuration Debug for project baro_test ****
make -j8 all 
arm-none-eabi-size   baro_test.elf 
   text	   data	    bss	    dec	    hex	filename
  25656	     20	   2268	  27944	   6d28	baro_test.elf
Finished building: default.size.stdout
 
00:19:35 **** Incremental Build of configuration Debug for project baro_test ****
make -j8 all 
arm-none-eabi-gcc "../Core/Src/lib/bmp581.c" -mcpu=cortex-m3 -std=gnu11 -g3 -DDEBUG -DUSE_HAL_DRIVER -DSTM32F103xB -c -I../Core/Inc -I../Drivers/STM32F1xx_HAL_Driver/Inc -I../Drivers/STM32F1xx_HAL_Driver/Inc/Legacy -I../Drivers/CMSIS/Device/ST/STM32F1xx/Include -I../Drivers/CMSIS/Include -O0 -ffunction-sections -fdata-sections -Wall -fstack-usage -fcyclomatic-complexity -MMD -MP -MF"Core/Src/lib/bmp581.d" -MT"Core/Src/lib/bmp581.o" --specs=nano.specs -mfloat-abi=soft -mthumb -o "Core/Src/lib/bmp581.o"
arm-none-eabi-gcc "../Core/Src/main.c" -mcpu=cortex-m3 -std=gnu11 -g3 -DDEBUG -DUSE_HAL_DRIVER -DSTM32F103xB -c -I../Core/Inc -I../Drivers/STM32F1xx_HAL_Driver/Inc -I../Drivers/STM32F1xx_HAL_Driver/Inc/Legacy -I../Drivers/CMSIS/Device/ST/STM32F1xx/Include -I../Drivers/CMSIS/Include -O0 -ffunction-sections -fdata-sections -Wall -fstack-usage -fcyclomatic-complexity -MMD -MP -MF"Core/Src/main.d" -MT"Core/Src/main.o" --specs=nano.specs -mfloat-abi=soft -mthumb -o "Core/Src/main.o"
../Core/Src/lib/bmp581.c: In function 'BMP_Get_Device_Status':
../Core/Src/lib/bmp581.c:100:10: warning: unused variable 'chip_id' [-Wunused-variable]
  100 |  uint8_t chip_id = chipid_rx_dat[0];
      |          ^~~~~~~
../Core/Src/lib/bmp581.c: In function 'BMP_Read_Data':
../Core/Src/lib/bmp581.c:121:9: warning: assignment to 'uint16_t *' {aka 'short unsigned int *'} from 'uint32_t' {aka 'long unsigned int'} makes pointer from integer without a cast [-Wint-conversion]
  121 |  temp_c = temp_conc >> 16;
      |         ^
../Core/Src/lib/bmp581.c:124:11: warning: assignment to 'uint16_t *' {aka 'short unsigned int *'} from 'uint32_t' {aka 'long unsigned int'} makes pointer from integer without a cast [-Wint-conversion]
  124 |  pressure = pressure_conc >> 16;
      |           ^
../Core/Src/lib/bmp581.c: In function 'BMP_Get_Mode':
../Core/Src/lib/bmp581.c:164:1: warning: control reaches end of non-void function [-Wreturn-type]
  164 | }
      | ^
../Core/Src/main.c: In function 'main':
../Core/Src/main.c:109:11: warning: unused variable 'bmp_status' [-Wunused-variable]
  109 |   uint8_t bmp_status = BMP_Get_Device_Status();
      |           ^~~~~~~~~~
../Core/Src/main.c:108:23: warning: unused variable 'bmp_mode' [-Wunused-variable]
  108 |   enum BMP_Power_Mode bmp_mode = BMP_Get_Mode();
      |                       ^~~~~~~~
arm-none-eabi-gcc -o "baro_test.elf" @"objects.list"   -mcpu=cortex-m3 -T"C:\Users\kking\STM32CubeIDE\workspace_1.12.0\Altimeter\baro_test\STM32F103C8TX_FLASH.ld" --specs=nosys.specs -Wl,-Map="baro_test.map" -Wl,--gc-sections -static --specs=nano.specs -mfloat-abi=soft -mthumb -Wl,--start-group -lc -lm -Wl,--end-group
Finished building target: baro_test.elf
 
arm-none-eabi-size   baro_test.elf 
arm-none-eabi-objdump -h -S  baro_test.elf  > "baro_test.list"
   text	   data	    bss	    dec	    hex	filename
  25616	     20	   2268	  27904	   6d00	baro_test.elf
Finished building: default.size.stdout
 
Finished building: baro_test.list
 
00:20:36 **** Incremental Build of configuration Debug for project baro_test ****
make -j8 all 
arm-none-eabi-gcc "../Core/Src/main.c" -mcpu=cortex-m3 -std=gnu11 -g3 -DDEBUG -DUSE_HAL_DRIVER -DSTM32F103xB -c -I../Core/Inc -I../Drivers/STM32F1xx_HAL_Driver/Inc -I../Drivers/STM32F1xx_HAL_Driver/Inc/Legacy -I../Drivers/CMSIS/Device/ST/STM32F1xx/Include -I../Drivers/CMSIS/Include -O0 -ffunction-sections -fdata-sections -Wall -fstack-usage -fcyclomatic-complexity -MMD -MP -MF"Core/Src/main.d" -MT"Core/Src/main.o" --specs=nano.specs -mfloat-abi=soft -mthumb -o "Core/Src/main.o"
../Core/Src/main.c: In function 'main':
../Core/Src/main.c:109:11: warning: unused variable 'bmp_status' [-Wunused-variable]
  109 |   uint8_t bmp_status = BMP_Get_Device_Status();
      |           ^~~~~~~~~~
../Core/Src/main.c:108:23: warning: unused variable 'bmp_mode' [-Wunused-variable]
  108 |   enum BMP_Power_Mode bmp_mode = BMP_Get_Mode();
      |                       ^~~~~~~~
arm-none-eabi-gcc -o "baro_test.elf" @"objects.list"   -mcpu=cortex-m3 -T"C:\Users\kking\STM32CubeIDE\workspace_1.12.0\Altimeter\baro_test\STM32F103C8TX_FLASH.ld" --specs=nosys.specs -Wl,-Map="baro_test.map" -Wl,--gc-sections -static --specs=nano.specs -mfloat-abi=soft -mthumb -Wl,--start-group -lc -lm -Wl,--end-group
Finished building target: baro_test.elf
 
arm-none-eabi-size   baro_test.elf 
arm-none-eabi-objdump -h -S  baro_test.elf  > "baro_test.list"
   text	   data	    bss	    dec	    hex	filename
  25616	     20	   2268	  27904	   6d00	baro_test.elf
Finished building: default.size.stdout
 
Finished building: baro_test.list
 
00:21:38 **** Incremental Build of configuration Debug for project baro_test ****
make -j8 all 
arm-none-eabi-gcc "../Core/Src/lib/bmp581.c" -mcpu=cortex-m3 -std=gnu11 -g3 -DDEBUG -DUSE_HAL_DRIVER -DSTM32F103xB -c -I../Core/Inc -I../Drivers/STM32F1xx_HAL_Driver/Inc -I../Drivers/STM32F1xx_HAL_Driver/Inc/Legacy -I../Drivers/CMSIS/Device/ST/STM32F1xx/Include -I../Drivers/CMSIS/Include -O0 -ffunction-sections -fdata-sections -Wall -fstack-usage -fcyclomatic-complexity -MMD -MP -MF"Core/Src/lib/bmp581.d" -MT"Core/Src/lib/bmp581.o" --specs=nano.specs -mfloat-abi=soft -mthumb -o "Core/Src/lib/bmp581.o"
arm-none-eabi-gcc "../Core/Src/main.c" -mcpu=cortex-m3 -std=gnu11 -g3 -DDEBUG -DUSE_HAL_DRIVER -DSTM32F103xB -c -I../Core/Inc -I../Drivers/STM32F1xx_HAL_Driver/Inc -I../Drivers/STM32F1xx_HAL_Driver/Inc/Legacy -I../Drivers/CMSIS/Device/ST/STM32F1xx/Include -I../Drivers/CMSIS/Include -O0 -ffunction-sections -fdata-sections -Wall -fstack-usage -fcyclomatic-complexity -MMD -MP -MF"Core/Src/main.d" -MT"Core/Src/main.o" --specs=nano.specs -mfloat-abi=soft -mthumb -o "Core/Src/main.o"
../Core/Src/lib/bmp581.c: In function 'BMP_Get_Device_Status':
../Core/Src/lib/bmp581.c:100:10: warning: unused variable 'chip_id' [-Wunused-variable]
  100 |  uint8_t chip_id = chipid_rx_dat[0];
      |          ^~~~~~~
../Core/Src/lib/bmp581.c: In function 'BMP_Read_Data':
../Core/Src/lib/bmp581.c:121:9: warning: assignment to 'double *' from 'uint32_t' {aka 'long unsigned int'} makes pointer from integer without a cast [-Wint-conversion]
  121 |  temp_c = temp_conc >> 16;
      |         ^
../Core/Src/lib/bmp581.c:124:11: warning: assignment to 'double *' from 'uint32_t' {aka 'long unsigned int'} makes pointer from integer without a cast [-Wint-conversion]
  124 |  pressure = pressure_conc >> 16;
      |           ^
../Core/Src/lib/bmp581.c: In function 'BMP_Get_Mode':
../Core/Src/lib/bmp581.c:164:1: warning: control reaches end of non-void function [-Wreturn-type]
  164 | }
      | ^
../Core/Src/main.c: In function 'main':
../Core/Src/main.c:109:11: warning: unused variable 'bmp_status' [-Wunused-variable]
  109 |   uint8_t bmp_status = BMP_Get_Device_Status();
      |           ^~~~~~~~~~
../Core/Src/main.c:108:23: warning: unused variable 'bmp_mode' [-Wunused-variable]
  108 |   enum BMP_Power_Mode bmp_mode = BMP_Get_Mode();
      |                       ^~~~~~~~
arm-none-eabi-gcc -o "baro_test.elf" @"objects.list"   -mcpu=cortex-m3 -T"C:\Users\kking\STM32CubeIDE\workspace_1.12.0\Altimeter\baro_test\STM32F103C8TX_FLASH.ld" --specs=nosys.specs -Wl,-Map="baro_test.map" -Wl,--gc-sections -static --specs=nano.specs -mfloat-abi=soft -mthumb -Wl,--start-group -lc -lm -Wl,--end-group
Finished building target: baro_test.elf
 
arm-none-eabi-size   baro_test.elf 
arm-none-eabi-objdump -h -S  baro_test.elf  > "baro_test.list"
   text	   data	    bss	    dec	    hex	filename
  25680	     20	   2268	  27968	   6d40	baro_test.elf
Finished building: default.size.stdout
 
Finished building: baro_test.list
 
00:24:24 **** Incremental Build of configuration Debug for project baro_test ****
make -j8 all 
arm-none-eabi-size   baro_test.elf 
   text	   data	    bss	    dec	    hex	filename
  25680	     20	   2268	  27968	   6d40	baro_test.elf
Finished building: default.size.stdout
 
00:25:26 **** Incremental Build of configuration Debug for project baro_test ****
make -j8 all 
arm-none-eabi-gcc "../Core/Src/lib/bmp581.c" -mcpu=cortex-m3 -std=gnu11 -g3 -DDEBUG -DUSE_HAL_DRIVER -DSTM32F103xB -c -I../Core/Inc -I../Drivers/STM32F1xx_HAL_Driver/Inc -I../Drivers/STM32F1xx_HAL_Driver/Inc/Legacy -I../Drivers/CMSIS/Device/ST/STM32F1xx/Include -I../Drivers/CMSIS/Include -O0 -ffunction-sections -fdata-sections -Wall -fstack-usage -fcyclomatic-complexity -MMD -MP -MF"Core/Src/lib/bmp581.d" -MT"Core/Src/lib/bmp581.o" --specs=nano.specs -mfloat-abi=soft -mthumb -o "Core/Src/lib/bmp581.o"
arm-none-eabi-gcc "../Core/Src/main.c" -mcpu=cortex-m3 -std=gnu11 -g3 -DDEBUG -DUSE_HAL_DRIVER -DSTM32F103xB -c -I../Core/Inc -I../Drivers/STM32F1xx_HAL_Driver/Inc -I../Drivers/STM32F1xx_HAL_Driver/Inc/Legacy -I../Drivers/CMSIS/Device/ST/STM32F1xx/Include -I../Drivers/CMSIS/Include -O0 -ffunction-sections -fdata-sections -Wall -fstack-usage -fcyclomatic-complexity -MMD -MP -MF"Core/Src/main.d" -MT"Core/Src/main.o" --specs=nano.specs -mfloat-abi=soft -mthumb -o "Core/Src/main.o"
../Core/Src/lib/bmp581.c: In function 'BMP_Get_Device_Status':
../Core/Src/lib/bmp581.c:100:10: warning: unused variable 'chip_id' [-Wunused-variable]
  100 |  uint8_t chip_id = chipid_rx_dat[0];
      |          ^~~~~~~
../Core/Src/lib/bmp581.c: In function 'BMP_Read_Data':
../Core/Src/lib/bmp581.c:121:9: warning: assignment to 'uint16_t *' {aka 'short unsigned int *'} from 'uint32_t' {aka 'long unsigned int'} makes pointer from integer without a cast [-Wint-conversion]
  121 |  temp_c = temp_conc >> 16;
      |         ^
../Core/Src/lib/bmp581.c:124:11: warning: assignment to 'uint16_t *' {aka 'short unsigned int *'} from 'uint32_t' {aka 'long unsigned int'} makes pointer from integer without a cast [-Wint-conversion]
  124 |  pressure = pressure_conc >> 16;
      |           ^
../Core/Src/lib/bmp581.c: In function 'BMP_Get_Mode':
../Core/Src/lib/bmp581.c:164:1: warning: control reaches end of non-void function [-Wreturn-type]
  164 | }
      | ^
../Core/Src/main.c: In function 'main':
../Core/Src/main.c:109:11: warning: unused variable 'bmp_status' [-Wunused-variable]
  109 |   uint8_t bmp_status = BMP_Get_Device_Status();
      |           ^~~~~~~~~~
../Core/Src/main.c:108:23: warning: unused variable 'bmp_mode' [-Wunused-variable]
  108 |   enum BMP_Power_Mode bmp_mode = BMP_Get_Mode();
      |                       ^~~~~~~~
arm-none-eabi-gcc -o "baro_test.elf" @"objects.list"   -mcpu=cortex-m3 -T"C:\Users\kking\STM32CubeIDE\workspace_1.12.0\Altimeter\baro_test\STM32F103C8TX_FLASH.ld" --specs=nosys.specs -Wl,-Map="baro_test.map" -Wl,--gc-sections -static --specs=nano.specs -mfloat-abi=soft -mthumb -Wl,--start-group -lc -lm -Wl,--end-group
Finished building target: baro_test.elf
 
arm-none-eabi-size   baro_test.elf 
arm-none-eabi-objdump -h -S  baro_test.elf  > "baro_test.list"
   text	   data	    bss	    dec	    hex	filename
  25640	     20	   2268	  27928	   6d18	baro_test.elf
Finished building: default.size.stdout
 
Finished building: baro_test.list
 
00:26:13 **** Incremental Build of configuration Debug for project baro_test ****
make -j8 all 
arm-none-eabi-size   baro_test.elf 
   text	   data	    bss	    dec	    hex	filename
  25640	     20	   2268	  27928	   6d18	baro_test.elf
Finished building: default.size.stdout
 
00:29:22 **** Incremental Build of configuration Debug for project baro_test ****
make -j8 all 
arm-none-eabi-size   baro_test.elf 
   text	   data	    bss	    dec	    hex	filename
  25640	     20	   2268	  27928	   6d18	baro_test.elf
Finished building: default.size.stdout
 
00:32:06 **** Incremental Build of configuration Debug for project baro_test ****
make -j8 all 
arm-none-eabi-gcc "../Core/Src/lib/bmp581.c" -mcpu=cortex-m3 -std=gnu11 -g3 -DDEBUG -DUSE_HAL_DRIVER -DSTM32F103xB -c -I../Core/Inc -I../Drivers/STM32F1xx_HAL_Driver/Inc -I../Drivers/STM32F1xx_HAL_Driver/Inc/Legacy -I../Drivers/CMSIS/Device/ST/STM32F1xx/Include -I../Drivers/CMSIS/Include -O0 -ffunction-sections -fdata-sections -Wall -fstack-usage -fcyclomatic-complexity -MMD -MP -MF"Core/Src/lib/bmp581.d" -MT"Core/Src/lib/bmp581.o" --specs=nano.specs -mfloat-abi=soft -mthumb -o "Core/Src/lib/bmp581.o"
../Core/Src/lib/bmp581.c: In function 'BMP_Get_Device_Status':
../Core/Src/lib/bmp581.c:100:10: warning: unused variable 'chip_id' [-Wunused-variable]
  100 |  uint8_t chip_id = chipid_rx_dat[0];
      |          ^~~~~~~
../Core/Src/lib/bmp581.c: In function 'BMP_Get_Mode':
../Core/Src/lib/bmp581.c:164:1: warning: control reaches end of non-void function [-Wreturn-type]
  164 | }
      | ^
arm-none-eabi-gcc -o "baro_test.elf" @"objects.list"   -mcpu=cortex-m3 -T"C:\Users\kking\STM32CubeIDE\workspace_1.12.0\Altimeter\baro_test\STM32F103C8TX_FLASH.ld" --specs=nosys.specs -Wl,-Map="baro_test.map" -Wl,--gc-sections -static --specs=nano.specs -mfloat-abi=soft -mthumb -Wl,--start-group -lc -lm -Wl,--end-group
Finished building target: baro_test.elf
 
arm-none-eabi-size   baro_test.elf 
arm-none-eabi-objdump -h -S  baro_test.elf  > "baro_test.list"
   text	   data	    bss	    dec	    hex	filename
  25648	     20	   2268	  27936	   6d20	baro_test.elf
Finished building: default.size.stdout
 
Finished building: baro_test.list
 
00:34:09 **** Incremental Build of configuration Debug for project baro_test ****
make -j8 all 
arm-none-eabi-gcc "../Core/Src/lib/bmp581.c" -mcpu=cortex-m3 -std=gnu11 -g3 -DDEBUG -DUSE_HAL_DRIVER -DSTM32F103xB -c -I../Core/Inc -I../Drivers/STM32F1xx_HAL_Driver/Inc -I../Drivers/STM32F1xx_HAL_Driver/Inc/Legacy -I../Drivers/CMSIS/Device/ST/STM32F1xx/Include -I../Drivers/CMSIS/Include -O0 -ffunction-sections -fdata-sections -Wall -fstack-usage -fcyclomatic-complexity -MMD -MP -MF"Core/Src/lib/bmp581.d" -MT"Core/Src/lib/bmp581.o" --specs=nano.specs -mfloat-abi=soft -mthumb -o "Core/Src/lib/bmp581.o"
../Core/Src/lib/bmp581.c: In function 'BMP_Get_Device_Status':
../Core/Src/lib/bmp581.c:94:10: warning: unused variable 'chip_id' [-Wunused-variable]
   94 |  uint8_t chip_id = chipid_rx_dat[0];
      |          ^~~~~~~
../Core/Src/lib/bmp581.c: In function 'BMP_Get_Mode':
../Core/Src/lib/bmp581.c:158:1: warning: control reaches end of non-void function [-Wreturn-type]
  158 | }
      | ^
arm-none-eabi-gcc -o "baro_test.elf" @"objects.list"   -mcpu=cortex-m3 -T"C:\Users\kking\STM32CubeIDE\workspace_1.12.0\Altimeter\baro_test\STM32F103C8TX_FLASH.ld" --specs=nosys.specs -Wl,-Map="baro_test.map" -Wl,--gc-sections -static --specs=nano.specs -mfloat-abi=soft -mthumb -Wl,--start-group -lc -lm -Wl,--end-group
Finished building target: baro_test.elf
 
arm-none-eabi-size   baro_test.elf 
arm-none-eabi-objdump -h -S  baro_test.elf  > "baro_test.list"
   text	   data	    bss	    dec	    hex	filename
  25648	     20	   2268	  27936	   6d20	baro_test.elf
Finished building: default.size.stdout
 
Finished building: baro_test.list
 
