18:09:36 **** Incremental Build of configuration Debug for project Open Source ColorAlti ****
make -j8 all 
arm-none-eabi-gcc "../Core/Src/main.c" -mcpu=cortex-m3 -std=gnu11 -g3 -DDEBUG -DUSE_HAL_DRIVER -DSTM32F103xB -c -I../Core/Inc -I../Drivers/STM32F1xx_HAL_Driver/Inc -I../Drivers/STM32F1xx_HAL_Driver/Inc/Legacy -I../Drivers/CMSIS/Device/ST/STM32F1xx/Include -I../Drivers/CMSIS/Include -O0 -ffunction-sections -fdata-sections -Wall -fstack-usage -fcyclomatic-complexity -MMD -MP -MF"Core/Src/main.d" -MT"Core/Src/main.o" --specs=nano.specs -mfloat-abi=soft -mthumb -o "Core/Src/main.o"
arm-none-eabi-gcc -o "Open Source ColorAlti.elf" @"objects.list"   -mcpu=cortex-m3 -T"C:\Users\kking\STM32CubeIDE\workspace_1.12.0\Altimeter\Open Source ColorAlti\STM32F103C8TX_FLASH.ld" --specs=nosys.specs -Wl,-Map="Open Source ColorAlti.map" -Wl,--gc-sections -static --specs=nano.specs -mfloat-abi=soft -mthumb -Wl,--start-group -lc -lm -Wl,--end-group
Finished building target: Open Source ColorAlti.elf
 
arm-none-eabi-size   Open\ Source\ ColorAlti.elf 
arm-none-eabi-objdump -h -S  Open\ Source\ ColorAlti.elf  > "Open Source ColorAlti.list"
   text	   data	    bss	    dec	    hex	filename
  22160	     20	   2532	  24712	   6088	Open Source ColorAlti.elf
Finished building: default.size.stdout
 
Finished building: Open Source ColorAlti.list
 

18:09:38 Build Finished. 0 errors, 0 warnings. (took 1s.449ms)

